

================================================================
== Vitis HLS Report for 'mmult_accel_Pipeline_loadA_ping_VITIS_LOOP_106_5'
================================================================
* Date:           Mon Feb 17 22:50:12 2025

* Version:        2024.2 (Build 5238294 on Nov  8 2024)
* Project:        MatMul_SA
* Solution:       hls (Vivado IP Flow Target)
* Product family: zynquplus
* Target device:  xck26-sfvc784-2LV-c


================================================================
== Performance Estimates
================================================================
+ Timing: 
    * Summary: 
    +--------+---------+----------+------------+
    |  Clock |  Target | Estimated| Uncertainty|
    +--------+---------+----------+------------+
    |ap_clk  |  0.20 us|  0.198 us|     2.00 ns|
    +--------+---------+----------+------------+

+ Latency: 
    * Summary: 
    +---------+---------+-----------+-----------+-----+-----+------------------------------------------------+
    |  Latency (cycles) |   Latency (absolute)  |  Interval |                    Pipeline                    |
    |   min   |   max   |    min    |    max    | min | max |                      Type                      |
    +---------+---------+-----------+-----------+-----+-----+------------------------------------------------+
    |      267|      267|  53.400 us|  53.400 us|  257|  257|  loop auto-rewind stp (delay=0 clock cycles(s))|
    +---------+---------+-----------+-----------+-----+-----+------------------------------------------------+

    + Detail: 
        * Instance: 
        N/A

        * Loop: 
        +-------------------------------+---------+---------+----------+-----------+-----------+------+----------+
        |                               |  Latency (cycles) | Iteration|  Initiation Interval  | Trip |          |
        |           Loop Name           |   min   |   max   |  Latency |  achieved |   target  | Count| Pipelined|
        +-------------------------------+---------+---------+----------+-----------+-----------+------+----------+
        |- loadA_ping_VITIS_LOOP_106_5  |      265|      265|        11|          1|          1|   256|       yes|
        +-------------------------------+---------+---------+----------+-----------+-----------+------+----------+



================================================================
== Utilization Estimates
================================================================
* Summary: 
+-----------------+---------+------+--------+--------+-----+
|       Name      | BRAM_18K|  DSP |   FF   |   LUT  | URAM|
+-----------------+---------+------+--------+--------+-----+
|DSP              |        -|     -|       -|       -|    -|
|Expression       |        -|     -|       0|     478|    -|
|FIFO             |        -|     -|       -|       -|    -|
|Instance         |        -|     4|       0|      20|    -|
|Memory           |        -|     -|       -|       -|    -|
|Multiplexer      |        -|     -|       0|     108|    -|
|Register         |        -|     -|     550|     160|    -|
+-----------------+---------+------+--------+--------+-----+
|Total            |        0|     4|     550|     766|    0|
+-----------------+---------+------+--------+--------+-----+
|Available        |      288|  1248|  234240|  117120|   64|
+-----------------+---------+------+--------+--------+-----+
|Utilization (%)  |        0|    ~0|      ~0|      ~0|    0|
+-----------------+---------+------+--------+--------+-----+

+ Detail: 
    * Instance: 
    +---------------------------+----------------------+---------+----+---+----+-----+
    |          Instance         |        Module        | BRAM_18K| DSP| FF| LUT| URAM|
    +---------------------------+----------------------+---------+----+---+----+-----+
    |mul_32ns_31ns_62_1_1_U100  |mul_32ns_31ns_62_1_1  |        0|   4|  0|  20|    0|
    +---------------------------+----------------------+---------+----+---+----+-----+
    |Total                      |                      |        0|   4|  0|  20|    0|
    +---------------------------+----------------------+---------+----+---+----+-----+

    * DSP: 
    N/A

    * Memory: 
    N/A

    * FIFO: 
    N/A

    * Expression: 
    +-----------------------------------+----------+----+---+----+------------+------------+
    |           Variable Name           | Operation| DSP| FF| LUT| Bitwidth P0| Bitwidth P1|
    +-----------------------------------+----------+----+---+----+------------+------------+
    |add_ln104_1_fu_514_p2              |         +|   0|  0|  12|           5|           1|
    |add_ln104_fu_488_p2                |         +|   0|  0|  16|           9|           1|
    |add_ln106_fu_619_p2                |         +|   0|  0|  12|           5|           1|
    |add_ln110_fu_561_p2                |         +|   0|  0|  39|          32|          32|
    |add_ln112_1_fu_589_p2              |         +|   0|  0|  64|          64|          64|
    |add_ln112_fu_583_p2                |         +|   0|  0|  64|          64|          64|
    |empty_fu_536_p2                    |         +|   0|  0|  39|          32|          32|
    |and_ln111_fu_577_p2                |       and|   0|  0|   2|           1|           1|
    |ap_block_pp0_stage0_11001_grp1     |       and|   0|  0|   2|           1|           1|
    |ap_block_state10_pp0_stage0_iter9  |       and|   0|  0|   2|           1|           1|
    |ap_block_state2_io_grp1            |       and|   0|  0|   2|           1|           1|
    |ap_condition_384                   |       and|   0|  0|   2|           1|           1|
    |ap_predicate_op69_readreq_state2   |       and|   0|  0|   2|           1|           1|
    |ap_predicate_op77_read_state10     |       and|   0|  0|   2|           1|           1|
    |cmp102_fu_547_p2                   |      icmp|   0|  0|  39|          32|          32|
    |icmp_ln104_fu_482_p2               |      icmp|   0|  0|  17|           9|          10|
    |icmp_ln106_fu_500_p2               |      icmp|   0|  0|  13|           5|           6|
    |icmp_ln111_fu_571_p2               |      icmp|   0|  0|  39|          32|          32|
    |lshr_ln112_fu_670_p2               |      lshr|   0|  0|  96|          32|          32|
    |ap_block_pp0_stage0_11001          |        or|   0|  0|   2|           1|           1|
    |select_ln104_1_fu_520_p3           |    select|   0|  0|   5|           1|           5|
    |select_ln104_fu_506_p3             |    select|   0|  0|   5|           1|           1|
    |ap_enable_pp0                      |       xor|   0|  0|   2|           1|           2|
    +-----------------------------------+----------+----+---+----+------------+------------+
    |Total                              |          |   0|  0| 478|         332|         323|
    +-----------------------------------+----------+----+---+----+------------+------------+

    * Multiplexer: 
    +---------------------------------------------+----+-----------+-----+-----------+
    |                     Name                    | LUT| Input Size| Bits| Total Bits|
    +---------------------------------------------+----+-----------+-----+-----------+
    |ap_done_int                                  |   9|          2|    1|          2|
    |ap_enable_reg_pp0_iter1                      |   9|          2|    1|          2|
    |ap_phi_mux_storemerge1844_phi_fu_416_p4      |   9|          2|    8|         16|
    |ap_phi_reg_pp0_iter1_storemerge1844_reg_412  |   9|          2|    8|         16|
    |ap_sig_allocacmp_ii_load                     |   9|          2|    5|         10|
    |ap_sig_allocacmp_indvar_flatten1038_load     |   9|          2|    9|         18|
    |ap_sig_allocacmp_kk_load                     |   9|          2|    5|         10|
    |gmem0_blk_n_AR                               |   9|          2|    1|          2|
    |gmem0_blk_n_R                                |   9|          2|    1|          2|
    |ii_fu_148                                    |   9|          2|    5|         10|
    |indvar_flatten1038_fu_152                    |   9|          2|    9|         18|
    |kk_fu_144                                    |   9|          2|    5|         10|
    +---------------------------------------------+----+-----------+-----+-----------+
    |Total                                        | 108|         24|   58|        116|
    +---------------------------------------------+----+-----------+-----+-----------+

    * Register: 
    +----------------------------------------------+----+----+-----+-----------+
    |                     Name                     | FF | LUT| Bits| Const Bits|
    +----------------------------------------------+----+----+-----+-----------+
    |and_ln111_reg_714                             |   1|   0|    1|          0|
    |ap_CS_fsm                                     |   1|   0|    1|          0|
    |ap_block_pp0_stage0_subdone_grp1_done_reg     |   1|   0|    1|          0|
    |ap_done_reg                                   |   1|   0|    1|          0|
    |ap_enable_reg_pp0_iter1                       |   1|   0|    1|          0|
    |ap_enable_reg_pp0_iter10                      |   1|   0|    1|          0|
    |ap_enable_reg_pp0_iter2                       |   1|   0|    1|          0|
    |ap_enable_reg_pp0_iter3                       |   1|   0|    1|          0|
    |ap_enable_reg_pp0_iter4                       |   1|   0|    1|          0|
    |ap_enable_reg_pp0_iter5                       |   1|   0|    1|          0|
    |ap_enable_reg_pp0_iter6                       |   1|   0|    1|          0|
    |ap_enable_reg_pp0_iter7                       |   1|   0|    1|          0|
    |ap_enable_reg_pp0_iter8                       |   1|   0|    1|          0|
    |ap_enable_reg_pp0_iter9                       |   1|   0|    1|          0|
    |ap_loop_exit_ready_pp0_iter1_reg              |   1|   0|    1|          0|
    |ap_loop_exit_ready_pp0_iter2_reg              |   1|   0|    1|          0|
    |ap_loop_exit_ready_pp0_iter3_reg              |   1|   0|    1|          0|
    |ap_loop_exit_ready_pp0_iter4_reg              |   1|   0|    1|          0|
    |ap_loop_exit_ready_pp0_iter5_reg              |   1|   0|    1|          0|
    |ap_loop_exit_ready_pp0_iter6_reg              |   1|   0|    1|          0|
    |ap_loop_exit_ready_pp0_iter7_reg              |   1|   0|    1|          0|
    |ap_loop_exit_ready_pp0_iter8_reg              |   1|   0|    1|          0|
    |ap_loop_exit_ready_pp0_iter9_reg              |   1|   0|    1|          0|
    |ap_phi_reg_pp0_iter10_storemerge1844_reg_412  |   8|   0|    8|          0|
    |ap_phi_reg_pp0_iter1_storemerge1844_reg_412   |   8|   0|    8|          0|
    |ap_phi_reg_pp0_iter2_storemerge1844_reg_412   |   8|   0|    8|          0|
    |ap_phi_reg_pp0_iter3_storemerge1844_reg_412   |   8|   0|    8|          0|
    |ap_phi_reg_pp0_iter4_storemerge1844_reg_412   |   8|   0|    8|          0|
    |ap_phi_reg_pp0_iter5_storemerge1844_reg_412   |   8|   0|    8|          0|
    |ap_phi_reg_pp0_iter6_storemerge1844_reg_412   |   8|   0|    8|          0|
    |ap_phi_reg_pp0_iter7_storemerge1844_reg_412   |   8|   0|    8|          0|
    |ap_phi_reg_pp0_iter8_storemerge1844_reg_412   |   8|   0|    8|          0|
    |ap_phi_reg_pp0_iter9_storemerge1844_reg_412   |   8|   0|    8|          0|
    |gmem0_addr_read_reg_729                       |  32|   0|   32|          0|
    |gmem0_addr_reg_718                            |  64|   0|   64|          0|
    |icmp_ln104_reg_701                            |   1|   0|    1|          0|
    |ii_fu_148                                     |   5|   0|    5|          0|
    |indvar_flatten1038_fu_152                     |   9|   0|    9|          0|
    |kk_fu_144                                     |   5|   0|    5|          0|
    |select_ln104_reg_705                          |   5|   0|    5|          0|
    |trunc_ln104_reg_710                           |   4|   0|    4|          0|
    |trunc_ln112_reg_724                           |   2|   0|    2|          0|
    |and_ln111_reg_714                             |  64|  32|    1|          0|
    |icmp_ln104_reg_701                            |  64|  32|    1|          0|
    |select_ln104_reg_705                          |  64|  32|    5|          0|
    |trunc_ln104_reg_710                           |  64|  32|    4|          0|
    |trunc_ln112_reg_724                           |  64|  32|    2|          0|
    +----------------------------------------------+----+----+-----+-----------+
    |Total                                         | 550| 160|  243|          0|
    +----------------------------------------------+----+----+-----+-----------+



================================================================
== Interface
================================================================
* Summary: 
+-------------------------+-----+-----+------------+--------------------------------------------------+--------------+
|        RTL Ports        | Dir | Bits|  Protocol  |                   Source Object                  |    C Type    |
+-------------------------+-----+-----+------------+--------------------------------------------------+--------------+
|ap_clk                   |   in|    1|  ap_ctrl_hs|  mmult_accel_Pipeline_loadA_ping_VITIS_LOOP_106_5|  return value|
|ap_rst                   |   in|    1|  ap_ctrl_hs|  mmult_accel_Pipeline_loadA_ping_VITIS_LOOP_106_5|  return value|
|ap_start                 |   in|    1|  ap_ctrl_hs|  mmult_accel_Pipeline_loadA_ping_VITIS_LOOP_106_5|  return value|
|ap_done                  |  out|    1|  ap_ctrl_hs|  mmult_accel_Pipeline_loadA_ping_VITIS_LOOP_106_5|  return value|
|ap_idle                  |  out|    1|  ap_ctrl_hs|  mmult_accel_Pipeline_loadA_ping_VITIS_LOOP_106_5|  return value|
|ap_ready                 |  out|    1|  ap_ctrl_hs|  mmult_accel_Pipeline_loadA_ping_VITIS_LOOP_106_5|  return value|
|m_axi_gmem0_0_AWVALID    |  out|    1|       m_axi|                                             gmem0|       pointer|
|m_axi_gmem0_0_AWREADY    |   in|    1|       m_axi|                                             gmem0|       pointer|
|m_axi_gmem0_0_AWADDR     |  out|   64|       m_axi|                                             gmem0|       pointer|
|m_axi_gmem0_0_AWID       |  out|    1|       m_axi|                                             gmem0|       pointer|
|m_axi_gmem0_0_AWLEN      |  out|   32|       m_axi|                                             gmem0|       pointer|
|m_axi_gmem0_0_AWSIZE     |  out|    3|       m_axi|                                             gmem0|       pointer|
|m_axi_gmem0_0_AWBURST    |  out|    2|       m_axi|                                             gmem0|       pointer|
|m_axi_gmem0_0_AWLOCK     |  out|    2|       m_axi|                                             gmem0|       pointer|
|m_axi_gmem0_0_AWCACHE    |  out|    4|       m_axi|                                             gmem0|       pointer|
|m_axi_gmem0_0_AWPROT     |  out|    3|       m_axi|                                             gmem0|       pointer|
|m_axi_gmem0_0_AWQOS      |  out|    4|       m_axi|                                             gmem0|       pointer|
|m_axi_gmem0_0_AWREGION   |  out|    4|       m_axi|                                             gmem0|       pointer|
|m_axi_gmem0_0_AWUSER     |  out|    1|       m_axi|                                             gmem0|       pointer|
|m_axi_gmem0_0_WVALID     |  out|    1|       m_axi|                                             gmem0|       pointer|
|m_axi_gmem0_0_WREADY     |   in|    1|       m_axi|                                             gmem0|       pointer|
|m_axi_gmem0_0_WDATA      |  out|   32|       m_axi|                                             gmem0|       pointer|
|m_axi_gmem0_0_WSTRB      |  out|    4|       m_axi|                                             gmem0|       pointer|
|m_axi_gmem0_0_WLAST      |  out|    1|       m_axi|                                             gmem0|       pointer|
|m_axi_gmem0_0_WID        |  out|    1|       m_axi|                                             gmem0|       pointer|
|m_axi_gmem0_0_WUSER      |  out|    1|       m_axi|                                             gmem0|       pointer|
|m_axi_gmem0_0_ARVALID    |  out|    1|       m_axi|                                             gmem0|       pointer|
|m_axi_gmem0_0_ARREADY    |   in|    1|       m_axi|                                             gmem0|       pointer|
|m_axi_gmem0_0_ARADDR     |  out|   64|       m_axi|                                             gmem0|       pointer|
|m_axi_gmem0_0_ARID       |  out|    1|       m_axi|                                             gmem0|       pointer|
|m_axi_gmem0_0_ARLEN      |  out|   32|       m_axi|                                             gmem0|       pointer|
|m_axi_gmem0_0_ARSIZE     |  out|    3|       m_axi|                                             gmem0|       pointer|
|m_axi_gmem0_0_ARBURST    |  out|    2|       m_axi|                                             gmem0|       pointer|
|m_axi_gmem0_0_ARLOCK     |  out|    2|       m_axi|                                             gmem0|       pointer|
|m_axi_gmem0_0_ARCACHE    |  out|    4|       m_axi|                                             gmem0|       pointer|
|m_axi_gmem0_0_ARPROT     |  out|    3|       m_axi|                                             gmem0|       pointer|
|m_axi_gmem0_0_ARQOS      |  out|    4|       m_axi|                                             gmem0|       pointer|
|m_axi_gmem0_0_ARREGION   |  out|    4|       m_axi|                                             gmem0|       pointer|
|m_axi_gmem0_0_ARUSER     |  out|    1|       m_axi|                                             gmem0|       pointer|
|m_axi_gmem0_0_RVALID     |   in|    1|       m_axi|                                             gmem0|       pointer|
|m_axi_gmem0_0_RREADY     |  out|    1|       m_axi|                                             gmem0|       pointer|
|m_axi_gmem0_0_RDATA      |   in|   32|       m_axi|                                             gmem0|       pointer|
|m_axi_gmem0_0_RLAST      |   in|    1|       m_axi|                                             gmem0|       pointer|
|m_axi_gmem0_0_RID        |   in|    1|       m_axi|                                             gmem0|       pointer|
|m_axi_gmem0_0_RFIFONUM   |   in|    9|       m_axi|                                             gmem0|       pointer|
|m_axi_gmem0_0_RUSER      |   in|    1|       m_axi|                                             gmem0|       pointer|
|m_axi_gmem0_0_RRESP      |   in|    2|       m_axi|                                             gmem0|       pointer|
|m_axi_gmem0_0_BVALID     |   in|    1|       m_axi|                                             gmem0|       pointer|
|m_axi_gmem0_0_BREADY     |  out|    1|       m_axi|                                             gmem0|       pointer|
|m_axi_gmem0_0_BRESP      |   in|    2|       m_axi|                                             gmem0|       pointer|
|m_axi_gmem0_0_BID        |   in|    1|       m_axi|                                             gmem0|       pointer|
|m_axi_gmem0_0_BUSER      |   in|    1|       m_axi|                                             gmem0|       pointer|
|i0                       |   in|   31|     ap_none|                                                i0|        scalar|
|N                        |   in|   31|     ap_none|                                                 N|        scalar|
|sext_ln43                |   in|   31|     ap_none|                                         sext_ln43|        scalar|
|localA_ping_15_address0  |  out|    4|   ap_memory|                                    localA_ping_15|         array|
|localA_ping_15_ce0       |  out|    1|   ap_memory|                                    localA_ping_15|         array|
|localA_ping_15_we0       |  out|    1|   ap_memory|                                    localA_ping_15|         array|
|localA_ping_15_d0        |  out|    8|   ap_memory|                                    localA_ping_15|         array|
|localA_ping_14_address0  |  out|    4|   ap_memory|                                    localA_ping_14|         array|
|localA_ping_14_ce0       |  out|    1|   ap_memory|                                    localA_ping_14|         array|
|localA_ping_14_we0       |  out|    1|   ap_memory|                                    localA_ping_14|         array|
|localA_ping_14_d0        |  out|    8|   ap_memory|                                    localA_ping_14|         array|
|localA_ping_13_address0  |  out|    4|   ap_memory|                                    localA_ping_13|         array|
|localA_ping_13_ce0       |  out|    1|   ap_memory|                                    localA_ping_13|         array|
|localA_ping_13_we0       |  out|    1|   ap_memory|                                    localA_ping_13|         array|
|localA_ping_13_d0        |  out|    8|   ap_memory|                                    localA_ping_13|         array|
|localA_ping_12_address0  |  out|    4|   ap_memory|                                    localA_ping_12|         array|
|localA_ping_12_ce0       |  out|    1|   ap_memory|                                    localA_ping_12|         array|
|localA_ping_12_we0       |  out|    1|   ap_memory|                                    localA_ping_12|         array|
|localA_ping_12_d0        |  out|    8|   ap_memory|                                    localA_ping_12|         array|
|localA_ping_11_address0  |  out|    4|   ap_memory|                                    localA_ping_11|         array|
|localA_ping_11_ce0       |  out|    1|   ap_memory|                                    localA_ping_11|         array|
|localA_ping_11_we0       |  out|    1|   ap_memory|                                    localA_ping_11|         array|
|localA_ping_11_d0        |  out|    8|   ap_memory|                                    localA_ping_11|         array|
|localA_ping_10_address0  |  out|    4|   ap_memory|                                    localA_ping_10|         array|
|localA_ping_10_ce0       |  out|    1|   ap_memory|                                    localA_ping_10|         array|
|localA_ping_10_we0       |  out|    1|   ap_memory|                                    localA_ping_10|         array|
|localA_ping_10_d0        |  out|    8|   ap_memory|                                    localA_ping_10|         array|
|localA_ping_9_address0   |  out|    4|   ap_memory|                                     localA_ping_9|         array|
|localA_ping_9_ce0        |  out|    1|   ap_memory|                                     localA_ping_9|         array|
|localA_ping_9_we0        |  out|    1|   ap_memory|                                     localA_ping_9|         array|
|localA_ping_9_d0         |  out|    8|   ap_memory|                                     localA_ping_9|         array|
|localA_ping_8_address0   |  out|    4|   ap_memory|                                     localA_ping_8|         array|
|localA_ping_8_ce0        |  out|    1|   ap_memory|                                     localA_ping_8|         array|
|localA_ping_8_we0        |  out|    1|   ap_memory|                                     localA_ping_8|         array|
|localA_ping_8_d0         |  out|    8|   ap_memory|                                     localA_ping_8|         array|
|localA_ping_7_address0   |  out|    4|   ap_memory|                                     localA_ping_7|         array|
|localA_ping_7_ce0        |  out|    1|   ap_memory|                                     localA_ping_7|         array|
|localA_ping_7_we0        |  out|    1|   ap_memory|                                     localA_ping_7|         array|
|localA_ping_7_d0         |  out|    8|   ap_memory|                                     localA_ping_7|         array|
|localA_ping_6_address0   |  out|    4|   ap_memory|                                     localA_ping_6|         array|
|localA_ping_6_ce0        |  out|    1|   ap_memory|                                     localA_ping_6|         array|
|localA_ping_6_we0        |  out|    1|   ap_memory|                                     localA_ping_6|         array|
|localA_ping_6_d0         |  out|    8|   ap_memory|                                     localA_ping_6|         array|
|localA_ping_5_address0   |  out|    4|   ap_memory|                                     localA_ping_5|         array|
|localA_ping_5_ce0        |  out|    1|   ap_memory|                                     localA_ping_5|         array|
|localA_ping_5_we0        |  out|    1|   ap_memory|                                     localA_ping_5|         array|
|localA_ping_5_d0         |  out|    8|   ap_memory|                                     localA_ping_5|         array|
|localA_ping_4_address0   |  out|    4|   ap_memory|                                     localA_ping_4|         array|
|localA_ping_4_ce0        |  out|    1|   ap_memory|                                     localA_ping_4|         array|
|localA_ping_4_we0        |  out|    1|   ap_memory|                                     localA_ping_4|         array|
|localA_ping_4_d0         |  out|    8|   ap_memory|                                     localA_ping_4|         array|
|localA_ping_3_address0   |  out|    4|   ap_memory|                                     localA_ping_3|         array|
|localA_ping_3_ce0        |  out|    1|   ap_memory|                                     localA_ping_3|         array|
|localA_ping_3_we0        |  out|    1|   ap_memory|                                     localA_ping_3|         array|
|localA_ping_3_d0         |  out|    8|   ap_memory|                                     localA_ping_3|         array|
|localA_ping_2_address0   |  out|    4|   ap_memory|                                     localA_ping_2|         array|
|localA_ping_2_ce0        |  out|    1|   ap_memory|                                     localA_ping_2|         array|
|localA_ping_2_we0        |  out|    1|   ap_memory|                                     localA_ping_2|         array|
|localA_ping_2_d0         |  out|    8|   ap_memory|                                     localA_ping_2|         array|
|localA_ping_1_address0   |  out|    4|   ap_memory|                                     localA_ping_1|         array|
|localA_ping_1_ce0        |  out|    1|   ap_memory|                                     localA_ping_1|         array|
|localA_ping_1_we0        |  out|    1|   ap_memory|                                     localA_ping_1|         array|
|localA_ping_1_d0         |  out|    8|   ap_memory|                                     localA_ping_1|         array|
|localA_ping_address0     |  out|    4|   ap_memory|                                       localA_ping|         array|
|localA_ping_ce0          |  out|    1|   ap_memory|                                       localA_ping|         array|
|localA_ping_we0          |  out|    1|   ap_memory|                                       localA_ping|         array|
|localA_ping_d0           |  out|    8|   ap_memory|                                       localA_ping|         array|
|k0                       |   in|   31|     ap_none|                                                k0|        scalar|
|K                        |   in|   31|     ap_none|                                                 K|        scalar|
|A                        |   in|   64|     ap_none|                                                 A|        scalar|
+-------------------------+-----+-----+------------+--------------------------------------------------+--------------+

