

================================================================
== Vitis HLS Report for 'mmult_accel'
================================================================
* Date:           Mon Feb 24 16:53:32 2025

* Version:        2024.2 (Build 5238294 on Nov  8 2024)
* Project:        MatMul_SA
* Solution:       hls (Vivado IP Flow Target)
* Product family: zynquplus
* Target device:  xck26-sfvc784-2LV-c


================================================================
== Performance Estimates
================================================================
+ Timing: 
    * Summary: 
    +--------+----------+----------+------------+
    |  Clock |  Target  | Estimated| Uncertainty|
    +--------+----------+----------+------------+
    |ap_clk  |  10.00 ns|  8.000 ns|     2.00 ns|
    +--------+----------+----------+------------+

+ Latency: 
    * Summary: 
    +---------+---------+----------+----------+-----+-----+---------+
    |  Latency (cycles) |  Latency (absolute) |  Interval | Pipeline|
    |   min   |   max   |    min   |    max   | min | max |   Type  |
    +---------+---------+----------+----------+-----+-----+---------+
    |        ?|        ?|         ?|         ?|    ?|    ?|       no|
    +---------+---------+----------+----------+-----+-----+---------+

    + Detail: 
        * Instance: 
        +----------------------------------------------------------------+----------------------------------------------------+---------+---------+----------+----------+-----+-----+------------------------------------------------+
        |                                                                |                                                    |  Latency (cycles) |  Latency (absolute) |  Interval |                    Pipeline                    |
        |                            Instance                            |                       Module                       |   min   |   max   |    min   |    max   | min | max |                      Type                      |
        +----------------------------------------------------------------+----------------------------------------------------+---------+---------+----------+----------+-----+-----+------------------------------------------------+
        |grp_mmult_accel_Pipeline_copy_A_VITIS_LOOP_132_1_fu_1257        |mmult_accel_Pipeline_copy_A_VITIS_LOOP_132_1        |        ?|        ?|         ?|         ?|    0|    0|  loop auto-rewind stp (delay=0 clock cycles(s))|
        |grp_mmult_accel_Pipeline_copy_B_block_VITIS_LOOP_153_2_fu_1267  |mmult_accel_Pipeline_copy_B_block_VITIS_LOOP_153_2  |        ?|        ?|         ?|         ?|    0|    0|  loop auto-rewind stp (delay=0 clock cycles(s))|
        |grp_tile_k_compute_fu_1280                                      |tile_k_compute                                      |      213|      213|  2.130 us|  2.130 us|  213|  213|                                        dataflow|
        |grp_mmult_accel_Pipeline_writeC_VITIS_LOOP_189_4_fu_1484        |mmult_accel_Pipeline_writeC_VITIS_LOOP_189_4        |       73|       73|  0.730 us|  0.730 us|   65|   65|  loop auto-rewind stp (delay=0 clock cycles(s))|
        +----------------------------------------------------------------+----------------------------------------------------+---------+---------+----------+----------+-----+-----+------------------------------------------------+

        * Loop: 
        +-----------------+---------+--------------+--------------------+-----------+-----------+---------------+----------+
        |                 |    Latency (cycles)    |      Iteration     |  Initiation Interval  |      Trip     |          |
        |    Loop Name    |   min   |      max     |       Latency      |  achieved |   target  |     Count     | Pipelined|
        +-----------------+---------+--------------+--------------------+-----------+-----------+---------------+----------+
        |- outer_j_block  |        ?|             ?|                   ?|          -|          -|   1 ~ 33554432|        no|
        | + tile_i        |      294|             ?|             294 ~ ?|          -|          -|  1 ~ 536870912|        no|
        |  ++ tile_j      |      292|             ?|  292 ~ 115964117068|          -|          -|  1 ~ 536870912|        no|
        |   +++ k_loop    |      216|  115964116992|                 216|          -|          -|  1 ~ 536870912|        no|
        +-----------------+---------+--------------+--------------------+-----------+-----------+---------------+----------+



================================================================
== Utilization Estimates
================================================================
* Summary: 
+-----------------+---------+------+--------+--------+-----+
|       Name      | BRAM_18K|  DSP |   FF   |   LUT  | URAM|
+-----------------+---------+------+--------+--------+-----+
|DSP              |        -|     -|       -|       -|    -|
|Expression       |        -|     -|       0|     936|    -|
|FIFO             |        -|     -|       -|       -|    -|
|Instance         |        6|    24|   17012|   15330|    0|
|Memory           |       72|     -|       0|       0|    -|
|Multiplexer      |        -|     -|       0|     910|    -|
|Register         |        -|     -|    5232|       -|    -|
+-----------------+---------+------+--------+--------+-----+
|Total            |       78|    24|   22244|   17176|    0|
+-----------------+---------+------+--------+--------+-----+
|Available        |      288|  1248|  234240|  117120|   64|
+-----------------+---------+------+--------+--------+-----+
|Utilization (%)  |       27|     1|       9|      14|    0|
+-----------------+---------+------+--------+--------+-----+

+ Detail: 
    * Instance: 
    +----------------------------------------------------------------+----------------------------------------------------+---------+----+-------+-------+-----+
    |                            Instance                            |                       Module                       | BRAM_18K| DSP|   FF  |  LUT  | URAM|
    +----------------------------------------------------------------+----------------------------------------------------+---------+----+-------+-------+-----+
    |control_s_axi_U                                                 |control_s_axi                                       |        0|   0|    360|    616|    0|
    |gmemA_m_axi_U                                                   |gmemA_m_axi                                         |        2|   0|    707|    757|    0|
    |gmemB_m_axi_U                                                   |gmemB_m_axi                                         |        2|   0|    707|    757|    0|
    |gmemC_m_axi_U                                                   |gmemC_m_axi                                         |        2|   0|    665|    625|    0|
    |grp_mmult_accel_Pipeline_copy_A_VITIS_LOOP_132_1_fu_1257        |mmult_accel_Pipeline_copy_A_VITIS_LOOP_132_1        |        0|   0|    156|    447|    0|
    |grp_mmult_accel_Pipeline_copy_B_block_VITIS_LOOP_153_2_fu_1267  |mmult_accel_Pipeline_copy_B_block_VITIS_LOOP_153_2  |        0|   4|    397|    652|    0|
    |grp_mmult_accel_Pipeline_writeC_VITIS_LOOP_189_4_fu_1484        |mmult_accel_Pipeline_writeC_VITIS_LOOP_189_4        |        0|   4|    319|    992|    0|
    |mul_31ns_31ns_62_1_1_U820                                       |mul_31ns_31ns_62_1_1                                |        0|   4|      0|     20|    0|
    |mul_32ns_32ns_63_1_1_U821                                       |mul_32ns_32ns_63_1_1                                |        0|   4|      0|     20|    0|
    |grp_tile_k_compute_fu_1280                                      |tile_k_compute                                      |        0|   8|  13701|  10444|    0|
    +----------------------------------------------------------------+----------------------------------------------------+---------+----+-------+-------+-----+
    |Total                                                           |                                                    |        6|  24|  17012|  15330|    0|
    +----------------------------------------------------------------+----------------------------------------------------+---------+----+-------+-------+-----+

    * DSP: 
    N/A

    * Memory: 
    +-----------+--------------------------+---------+---+----+-----+-------+-----+------+-------------+
    |   Memory  |          Module          | BRAM_18K| FF| LUT| URAM| Words | Bits| Banks| W*Bits*Banks|
    +-----------+--------------------------+---------+---+----+-----+-------+-----+------+-------------+
    |A_bram_U   |A_bram_RAM_2P_BRAM_1R1W   |       24|  0|   0|    0|  49152|    8|     1|       393216|
    |B_local_U  |B_local_RAM_2P_BRAM_1R1W  |       48|  0|   0|    0|  98304|    8|     1|       786432|
    +-----------+--------------------------+---------+---+----+-----+-------+-----+------+-------------+
    |Total      |                          |       72|  0|   0|    0| 147456|   16|     2|      1179648|
    +-----------+--------------------------+---------+---+----+-----+-------+-----+------+-------------+

    * FIFO: 
    N/A

    * Expression: 
    +---------------------------------------------+----------+----+---+----+------------+------------+
    |                Variable Name                | Operation| DSP| FF| LUT| Bitwidth P0| Bitwidth P1|
    +---------------------------------------------+----------+----+---+----+------------+------------+
    |add_ln145_fu_1739_p2                         |         +|   0|  0|  39|          32|           8|
    |add_ln163_fu_1908_p2                         |         +|   0|  0|  39|          32|           4|
    |add_ln165_fu_1930_p2                         |         +|   0|  0|  39|          32|           4|
    |add_ln182_fu_1840_p2                         |         +|   0|  0|  39|          32|           3|
    |k0_1_fu_1924_p2                              |         +|   0|  0|  39|          32|           4|
    |sub_ln145_fu_1764_p2                         |         -|   0|  0|  39|          32|          32|
    |sub_ln182_1_fu_1868_p2                       |         -|   0|  0|  36|           1|          29|
    |sub_ln182_fu_1853_p2                         |         -|   0|  0|  39|           4|          32|
    |cmp221_fu_1654_p2                            |      icmp|   0|  0|  39|          32|           1|
    |cmp245_fu_1781_p2                            |      icmp|   0|  0|  39|          32|           1|
    |icmp_ln131_fu_1648_p2                        |      icmp|   0|  0|  39|          32|           1|
    |icmp_ln143_fu_1730_p2                        |      icmp|   0|  0|  40|          33|          33|
    |icmp_ln145_fu_1749_p2                        |      icmp|   0|  0|  40|          33|          33|
    |icmp_ln163_fu_1807_p2                        |      icmp|   0|  0|  40|          33|          33|
    |icmp_ln165_fu_1824_p2                        |      icmp|   0|  0|  40|          33|          33|
    |icmp_ln182_fu_1914_p2                        |      icmp|   0|  0|  39|          32|          32|
    |ap_sync_grp_tile_k_compute_fu_1280_ap_ready  |        or|   0|  0|   2|           1|           1|
    |current_block_M_fu_1769_p3                   |    select|   0|  0|  32|           1|           8|
    |empty_101_fu_1787_p3                         |    select|   0|  0|  31|           1|          31|
    |empty_fu_1680_p3                             |    select|   0|  0|  62|           1|          63|
    |select_ln131_fu_1673_p3                      |    select|   0|  0|  62|           1|          63|
    |select_ln182_1_fu_1892_p3                    |    select|   0|  0|  29|           1|           1|
    |select_ln182_fu_1884_p3                      |    select|   0|  0|  29|           1|          29|
    |smax1_fu_1693_p3                             |    select|   0|  0|  31|           1|          31|
    |smax_fu_1687_p3                              |    select|   0|  0|  31|           1|          31|
    |xor_ln145_fu_1754_p2                         |       xor|   0|  0|   2|           1|           2|
    +---------------------------------------------+----------+----+---+----+------------+------------+
    |Total                                        |          |   0|  0| 936|         467|         543|
    +---------------------------------------------+----------+----+---+----+------------+------------+

    * Multiplexer: 
    +----------------------+-----+-----------+-----+-----------+
    |         Name         | LUT | Input Size| Bits| Total Bits|
    +----------------------+-----+-----------+-----+-----------+
    |A_bram_ce0            |    9|          2|    1|          2|
    |A_bram_ce1            |    9|          2|    1|          2|
    |A_bram_we1            |    9|          2|    1|          2|
    |B_local_ce0           |    9|          2|    1|          2|
    |B_local_ce1           |    9|          2|    1|          2|
    |B_local_we1           |    9|          2|    1|          2|
    |ap_NS_fsm             |  111|         22|    1|         22|
    |gmemA_0_ARADDR        |   14|          3|   64|        192|
    |gmemA_0_ARLEN         |   14|          3|   32|         96|
    |gmemA_0_ARVALID       |   14|          3|    1|          3|
    |gmemA_0_RREADY        |    9|          2|    1|          2|
    |gmemA_blk_n_AR        |    9|          2|    1|          2|
    |gmemB_0_ARVALID       |    9|          2|    1|          2|
    |gmemB_0_RREADY        |    9|          2|    1|          2|
    |gmemC_0_AWVALID       |    9|          2|    1|          2|
    |gmemC_0_BREADY        |    9|          2|    1|          2|
    |gmemC_0_WVALID        |    9|          2|    1|          2|
    |grp_fu_1625_p0        |   14|          3|   31|         93|
    |grp_fu_1625_p1        |   14|          3|   31|         93|
    |i0_reg_454            |    9|          2|   32|         64|
    |j0_reg_466            |    9|          2|   32|         64|
    |j_block_fu_144        |    9|          2|   32|         64|
    |k0_reg_1246           |    9|          2|   32|         64|
    |localC_0_reg_1234     |    9|          2|   32|         64|
    |localC_10_0_reg_1114  |    9|          2|   32|         64|
    |localC_11_0_reg_1102  |    9|          2|   32|         64|
    |localC_12_0_reg_1090  |    9|          2|   32|         64|
    |localC_13_0_reg_1078  |    9|          2|   32|         64|
    |localC_14_0_reg_1066  |    9|          2|   32|         64|
    |localC_15_0_reg_1054  |    9|          2|   32|         64|
    |localC_16_0_reg_1042  |    9|          2|   32|         64|
    |localC_17_0_reg_1030  |    9|          2|   32|         64|
    |localC_18_0_reg_1018  |    9|          2|   32|         64|
    |localC_19_0_reg_1006  |    9|          2|   32|         64|
    |localC_1_0_reg_1222   |    9|          2|   32|         64|
    |localC_20_0_reg_994   |    9|          2|   32|         64|
    |localC_21_0_reg_982   |    9|          2|   32|         64|
    |localC_22_0_reg_970   |    9|          2|   32|         64|
    |localC_23_0_reg_958   |    9|          2|   32|         64|
    |localC_24_0_reg_946   |    9|          2|   32|         64|
    |localC_25_0_reg_934   |    9|          2|   32|         64|
    |localC_26_0_reg_922   |    9|          2|   32|         64|
    |localC_27_0_reg_910   |    9|          2|   32|         64|
    |localC_28_0_reg_898   |    9|          2|   32|         64|
    |localC_29_0_reg_886   |    9|          2|   32|         64|
    |localC_2_0_reg_1210   |    9|          2|   32|         64|
    |localC_30_0_reg_874   |    9|          2|   32|         64|
    |localC_31_0_reg_862   |    9|          2|   32|         64|
    |localC_32_0_reg_850   |    9|          2|   32|         64|
    |localC_33_0_reg_838   |    9|          2|   32|         64|
    |localC_34_0_reg_826   |    9|          2|   32|         64|
    |localC_35_0_reg_814   |    9|          2|   32|         64|
    |localC_36_0_reg_802   |    9|          2|   32|         64|
    |localC_37_0_reg_790   |    9|          2|   32|         64|
    |localC_38_0_reg_778   |    9|          2|   32|         64|
    |localC_39_0_reg_766   |    9|          2|   32|         64|
    |localC_3_0_reg_1198   |    9|          2|   32|         64|
    |localC_40_0_reg_754   |    9|          2|   32|         64|
    |localC_41_0_reg_742   |    9|          2|   32|         64|
    |localC_42_0_reg_730   |    9|          2|   32|         64|
    |localC_43_0_reg_718   |    9|          2|   32|         64|
    |localC_44_0_reg_706   |    9|          2|   32|         64|
    |localC_45_0_reg_694   |    9|          2|   32|         64|
    |localC_46_0_reg_682   |    9|          2|   32|         64|
    |localC_47_0_reg_670   |    9|          2|   32|         64|
    |localC_48_0_reg_658   |    9|          2|   32|         64|
    |localC_49_0_reg_646   |    9|          2|   32|         64|
    |localC_4_0_reg_1186   |    9|          2|   32|         64|
    |localC_50_0_reg_634   |    9|          2|   32|         64|
    |localC_51_0_reg_622   |    9|          2|   32|         64|
    |localC_52_0_reg_610   |    9|          2|   32|         64|
    |localC_53_0_reg_598   |    9|          2|   32|         64|
    |localC_54_0_reg_586   |    9|          2|   32|         64|
    |localC_55_0_reg_574   |    9|          2|   32|         64|
    |localC_56_0_reg_562   |    9|          2|   32|         64|
    |localC_57_0_reg_550   |    9|          2|   32|         64|
    |localC_58_0_reg_538   |    9|          2|   32|         64|
    |localC_59_0_reg_526   |    9|          2|   32|         64|
    |localC_5_0_reg_1174   |    9|          2|   32|         64|
    |localC_60_0_reg_514   |    9|          2|   32|         64|
    |localC_61_0_reg_502   |    9|          2|   32|         64|
    |localC_62_0_reg_490   |    9|          2|   32|         64|
    |localC_63_0_reg_478   |    9|          2|   32|         64|
    |localC_6_0_reg_1162   |    9|          2|   32|         64|
    |localC_7_0_reg_1150   |    9|          2|   32|         64|
    |localC_8_0_reg_1138   |    9|          2|   32|         64|
    |localC_9_0_reg_1126   |    9|          2|   32|         64|
    +----------------------+-----+-----------+-----+-----------+
    |Total                 |  910|        199| 2349|       4877|
    +----------------------+-----+-----------+-----+-----------+

    * Register: 
    +-----------------------------------------------------------------------------+----+----+-----+-----------+
    |                                     Name                                    | FF | LUT| Bits| Const Bits|
    +-----------------------------------------------------------------------------+----+----+-----+-----------+
    |A_read_reg_2171                                                              |  64|   0|   64|          0|
    |B_read_reg_2166                                                              |  64|   0|   64|          0|
    |C_read_reg_2161                                                              |  64|   0|   64|          0|
    |K_read_reg_2143                                                              |  32|   0|   32|          0|
    |M_read_reg_2135                                                              |  32|   0|   32|          0|
    |N_read_reg_2153                                                              |  32|   0|   32|          0|
    |add_ln145_reg_2633                                                           |  32|   0|   32|          0|
    |add_ln165_reg_2697                                                           |  32|   0|   32|          0|
    |ap_CS_fsm                                                                    |  21|   0|   21|          0|
    |ap_sync_reg_grp_tile_k_compute_fu_1280_ap_done                               |   1|   0|    1|          0|
    |ap_sync_reg_grp_tile_k_compute_fu_1280_ap_ready                              |   1|   0|    1|          0|
    |cmp221_reg_2577                                                              |   1|   0|    1|          0|
    |current_block_M_cast8_reg_2651                                               |  33|   0|   33|          0|
    |current_block_M_reg_2638                                                     |  32|   0|   32|          0|
    |empty_101_reg_2646                                                           |  31|   0|   31|          0|
    |empty_reg_2583                                                               |  63|   0|   63|          0|
    |grp_mmult_accel_Pipeline_copy_A_VITIS_LOOP_132_1_fu_1257_ap_start_reg        |   1|   0|    1|          0|
    |grp_mmult_accel_Pipeline_copy_B_block_VITIS_LOOP_153_2_fu_1267_ap_start_reg  |   1|   0|    1|          0|
    |grp_mmult_accel_Pipeline_writeC_VITIS_LOOP_189_4_fu_1484_ap_start_reg        |   1|   0|    1|          0|
    |grp_tile_k_compute_fu_1280_ap_start_reg                                      |   1|   0|    1|          0|
    |i0_reg_454                                                                   |  32|   0|   32|          0|
    |icmp_ln131_reg_2571                                                          |   1|   0|    1|          0|
    |j0_reg_466                                                                   |  32|   0|   32|          0|
    |j_block_fu_144                                                               |  32|   0|   32|          0|
    |k0_1_reg_2692                                                                |  32|   0|   32|          0|
    |k0_reg_1246                                                                  |  32|   0|   32|          0|
    |localC_0_reg_1234                                                            |  32|   0|   32|          0|
    |localC_10_0_reg_1114                                                         |  32|   0|   32|          0|
    |localC_10_copyout_fu_360                                                     |  32|   0|   32|          0|
    |localC_11_0_reg_1102                                                         |  32|   0|   32|          0|
    |localC_11_copyout_fu_356                                                     |  32|   0|   32|          0|
    |localC_12_0_reg_1090                                                         |  32|   0|   32|          0|
    |localC_12_copyout_fu_352                                                     |  32|   0|   32|          0|
    |localC_13_0_reg_1078                                                         |  32|   0|   32|          0|
    |localC_13_copyout_fu_348                                                     |  32|   0|   32|          0|
    |localC_14_0_reg_1066                                                         |  32|   0|   32|          0|
    |localC_14_copyout_fu_344                                                     |  32|   0|   32|          0|
    |localC_15_0_reg_1054                                                         |  32|   0|   32|          0|
    |localC_15_copyout_fu_340                                                     |  32|   0|   32|          0|
    |localC_16_0_reg_1042                                                         |  32|   0|   32|          0|
    |localC_16_copyout_fu_336                                                     |  32|   0|   32|          0|
    |localC_17_0_reg_1030                                                         |  32|   0|   32|          0|
    |localC_17_copyout_fu_332                                                     |  32|   0|   32|          0|
    |localC_18_0_reg_1018                                                         |  32|   0|   32|          0|
    |localC_18_copyout_fu_328                                                     |  32|   0|   32|          0|
    |localC_19_0_reg_1006                                                         |  32|   0|   32|          0|
    |localC_19_copyout_fu_324                                                     |  32|   0|   32|          0|
    |localC_1_0_reg_1222                                                          |  32|   0|   32|          0|
    |localC_1_copyout_fu_396                                                      |  32|   0|   32|          0|
    |localC_20_0_reg_994                                                          |  32|   0|   32|          0|
    |localC_20_copyout_fu_320                                                     |  32|   0|   32|          0|
    |localC_21_0_reg_982                                                          |  32|   0|   32|          0|
    |localC_21_copyout_fu_316                                                     |  32|   0|   32|          0|
    |localC_22_0_reg_970                                                          |  32|   0|   32|          0|
    |localC_22_copyout_fu_312                                                     |  32|   0|   32|          0|
    |localC_23_0_reg_958                                                          |  32|   0|   32|          0|
    |localC_23_copyout_fu_308                                                     |  32|   0|   32|          0|
    |localC_24_0_reg_946                                                          |  32|   0|   32|          0|
    |localC_24_copyout_fu_304                                                     |  32|   0|   32|          0|
    |localC_25_0_reg_934                                                          |  32|   0|   32|          0|
    |localC_25_copyout_fu_300                                                     |  32|   0|   32|          0|
    |localC_26_0_reg_922                                                          |  32|   0|   32|          0|
    |localC_26_copyout_fu_296                                                     |  32|   0|   32|          0|
    |localC_27_0_reg_910                                                          |  32|   0|   32|          0|
    |localC_27_copyout_fu_292                                                     |  32|   0|   32|          0|
    |localC_28_0_reg_898                                                          |  32|   0|   32|          0|
    |localC_28_copyout_fu_288                                                     |  32|   0|   32|          0|
    |localC_29_0_reg_886                                                          |  32|   0|   32|          0|
    |localC_29_copyout_fu_284                                                     |  32|   0|   32|          0|
    |localC_2_0_reg_1210                                                          |  32|   0|   32|          0|
    |localC_2_copyout_fu_392                                                      |  32|   0|   32|          0|
    |localC_30_0_reg_874                                                          |  32|   0|   32|          0|
    |localC_30_copyout_fu_280                                                     |  32|   0|   32|          0|
    |localC_31_0_reg_862                                                          |  32|   0|   32|          0|
    |localC_31_copyout_fu_276                                                     |  32|   0|   32|          0|
    |localC_32_0_reg_850                                                          |  32|   0|   32|          0|
    |localC_32_copyout_fu_272                                                     |  32|   0|   32|          0|
    |localC_33_0_reg_838                                                          |  32|   0|   32|          0|
    |localC_33_copyout_fu_268                                                     |  32|   0|   32|          0|
    |localC_34_0_reg_826                                                          |  32|   0|   32|          0|
    |localC_34_copyout_fu_264                                                     |  32|   0|   32|          0|
    |localC_35_0_reg_814                                                          |  32|   0|   32|          0|
    |localC_35_copyout_fu_260                                                     |  32|   0|   32|          0|
    |localC_36_0_reg_802                                                          |  32|   0|   32|          0|
    |localC_36_copyout_fu_256                                                     |  32|   0|   32|          0|
    |localC_37_0_reg_790                                                          |  32|   0|   32|          0|
    |localC_37_copyout_fu_252                                                     |  32|   0|   32|          0|
    |localC_38_0_reg_778                                                          |  32|   0|   32|          0|
    |localC_38_copyout_fu_248                                                     |  32|   0|   32|          0|
    |localC_39_0_reg_766                                                          |  32|   0|   32|          0|
    |localC_39_copyout_fu_244                                                     |  32|   0|   32|          0|
    |localC_3_0_reg_1198                                                          |  32|   0|   32|          0|
    |localC_3_copyout_fu_388                                                      |  32|   0|   32|          0|
    |localC_40_0_reg_754                                                          |  32|   0|   32|          0|
    |localC_40_copyout_fu_240                                                     |  32|   0|   32|          0|
    |localC_41_0_reg_742                                                          |  32|   0|   32|          0|
    |localC_41_copyout_fu_236                                                     |  32|   0|   32|          0|
    |localC_42_0_reg_730                                                          |  32|   0|   32|          0|
    |localC_42_copyout_fu_232                                                     |  32|   0|   32|          0|
    |localC_43_0_reg_718                                                          |  32|   0|   32|          0|
    |localC_43_copyout_fu_228                                                     |  32|   0|   32|          0|
    |localC_44_0_reg_706                                                          |  32|   0|   32|          0|
    |localC_44_copyout_fu_224                                                     |  32|   0|   32|          0|
    |localC_45_0_reg_694                                                          |  32|   0|   32|          0|
    |localC_45_copyout_fu_220                                                     |  32|   0|   32|          0|
    |localC_46_0_reg_682                                                          |  32|   0|   32|          0|
    |localC_46_copyout_fu_216                                                     |  32|   0|   32|          0|
    |localC_47_0_reg_670                                                          |  32|   0|   32|          0|
    |localC_47_copyout_fu_212                                                     |  32|   0|   32|          0|
    |localC_48_0_reg_658                                                          |  32|   0|   32|          0|
    |localC_48_copyout_fu_208                                                     |  32|   0|   32|          0|
    |localC_49_0_reg_646                                                          |  32|   0|   32|          0|
    |localC_49_copyout_fu_204                                                     |  32|   0|   32|          0|
    |localC_4_0_reg_1186                                                          |  32|   0|   32|          0|
    |localC_4_copyout_fu_384                                                      |  32|   0|   32|          0|
    |localC_50_0_reg_634                                                          |  32|   0|   32|          0|
    |localC_50_copyout_fu_200                                                     |  32|   0|   32|          0|
    |localC_51_0_reg_622                                                          |  32|   0|   32|          0|
    |localC_51_copyout_fu_196                                                     |  32|   0|   32|          0|
    |localC_52_0_reg_610                                                          |  32|   0|   32|          0|
    |localC_52_copyout_fu_192                                                     |  32|   0|   32|          0|
    |localC_53_0_reg_598                                                          |  32|   0|   32|          0|
    |localC_53_copyout_fu_188                                                     |  32|   0|   32|          0|
    |localC_54_0_reg_586                                                          |  32|   0|   32|          0|
    |localC_54_copyout_fu_184                                                     |  32|   0|   32|          0|
    |localC_55_0_reg_574                                                          |  32|   0|   32|          0|
    |localC_55_copyout_fu_180                                                     |  32|   0|   32|          0|
    |localC_56_0_reg_562                                                          |  32|   0|   32|          0|
    |localC_56_copyout_fu_176                                                     |  32|   0|   32|          0|
    |localC_57_0_reg_550                                                          |  32|   0|   32|          0|
    |localC_57_copyout_fu_172                                                     |  32|   0|   32|          0|
    |localC_58_0_reg_538                                                          |  32|   0|   32|          0|
    |localC_58_copyout_fu_168                                                     |  32|   0|   32|          0|
    |localC_59_0_reg_526                                                          |  32|   0|   32|          0|
    |localC_59_copyout_fu_164                                                     |  32|   0|   32|          0|
    |localC_5_0_reg_1174                                                          |  32|   0|   32|          0|
    |localC_5_copyout_fu_380                                                      |  32|   0|   32|          0|
    |localC_60_0_reg_514                                                          |  32|   0|   32|          0|
    |localC_60_copyout_fu_160                                                     |  32|   0|   32|          0|
    |localC_61_0_reg_502                                                          |  32|   0|   32|          0|
    |localC_61_copyout_fu_156                                                     |  32|   0|   32|          0|
    |localC_62_0_reg_490                                                          |  32|   0|   32|          0|
    |localC_62_copyout_fu_152                                                     |  32|   0|   32|          0|
    |localC_63_0_reg_478                                                          |  32|   0|   32|          0|
    |localC_63_copyout_fu_148                                                     |  32|   0|   32|          0|
    |localC_6_0_reg_1162                                                          |  32|   0|   32|          0|
    |localC_6_copyout_fu_376                                                      |  32|   0|   32|          0|
    |localC_7_0_reg_1150                                                          |  32|   0|   32|          0|
    |localC_7_copyout_fu_372                                                      |  32|   0|   32|          0|
    |localC_8_0_reg_1138                                                          |  32|   0|   32|          0|
    |localC_8_copyout_fu_368                                                      |  32|   0|   32|          0|
    |localC_9_0_reg_1126                                                          |  32|   0|   32|          0|
    |localC_9_copyout_fu_364                                                      |  32|   0|   32|          0|
    |localC_copyout_fu_400                                                        |  32|   0|   32|          0|
    |reg_1634                                                                     |  62|   0|   62|          0|
    |sext_ln131_reg_2613                                                          |  33|   0|   33|          0|
    |sext_ln143_reg_2618                                                          |  33|   0|   33|          0|
    |smax1_reg_2593                                                               |  31|   0|   31|          0|
    |smax_reg_2588                                                                |  31|   0|   31|          0|
    |tmp_3_reg_2674                                                               |  29|   0|   32|          3|
    |trunc_ln109_1_reg_2182                                                       |  31|   0|   31|          0|
    |trunc_ln109_reg_2177                                                         |  31|   0|   31|          0|
    |trunc_ln143_reg_2627                                                         |  31|   0|   31|          0|
    |trunc_ln163_reg_2659                                                         |  31|   0|   31|          0|
    |trunc_ln165_reg_2668                                                         |  31|   0|   31|          0|
    |trunc_ln182_reg_2687                                                         |  31|   0|   31|          0|
    |zext_ln109_1_reg_2608                                                        |  31|   0|   62|         31|
    +-----------------------------------------------------------------------------+----+----+-----+-----------+
    |Total                                                                        |5232|   0| 5266|         34|
    +-----------------------------------------------------------------------------+----+----+-----+-----------+



================================================================
== Interface
================================================================
* Summary: 
+-----------------------+-----+-----+------------+--------------+--------------+
|       RTL Ports       | Dir | Bits|  Protocol  | Source Object|    C Type    |
+-----------------------+-----+-----+------------+--------------+--------------+
|s_axi_control_AWVALID  |   in|    1|       s_axi|       control|        scalar|
|s_axi_control_AWREADY  |  out|    1|       s_axi|       control|        scalar|
|s_axi_control_AWADDR   |   in|    7|       s_axi|       control|        scalar|
|s_axi_control_WVALID   |   in|    1|       s_axi|       control|        scalar|
|s_axi_control_WREADY   |  out|    1|       s_axi|       control|        scalar|
|s_axi_control_WDATA    |   in|   32|       s_axi|       control|        scalar|
|s_axi_control_WSTRB    |   in|    4|       s_axi|       control|        scalar|
|s_axi_control_ARVALID  |   in|    1|       s_axi|       control|        scalar|
|s_axi_control_ARREADY  |  out|    1|       s_axi|       control|        scalar|
|s_axi_control_ARADDR   |   in|    7|       s_axi|       control|        scalar|
|s_axi_control_RVALID   |  out|    1|       s_axi|       control|        scalar|
|s_axi_control_RREADY   |   in|    1|       s_axi|       control|        scalar|
|s_axi_control_RDATA    |  out|   32|       s_axi|       control|        scalar|
|s_axi_control_RRESP    |  out|    2|       s_axi|       control|        scalar|
|s_axi_control_BVALID   |  out|    1|       s_axi|       control|        scalar|
|s_axi_control_BREADY   |   in|    1|       s_axi|       control|        scalar|
|s_axi_control_BRESP    |  out|    2|       s_axi|       control|        scalar|
|ap_clk                 |   in|    1|  ap_ctrl_hs|   mmult_accel|  return value|
|ap_rst_n               |   in|    1|  ap_ctrl_hs|   mmult_accel|  return value|
|interrupt              |  out|    1|  ap_ctrl_hs|   mmult_accel|  return value|
|m_axi_gmemA_AWVALID    |  out|    1|       m_axi|         gmemA|       pointer|
|m_axi_gmemA_AWREADY    |   in|    1|       m_axi|         gmemA|       pointer|
|m_axi_gmemA_AWADDR     |  out|   64|       m_axi|         gmemA|       pointer|
|m_axi_gmemA_AWID       |  out|    1|       m_axi|         gmemA|       pointer|
|m_axi_gmemA_AWLEN      |  out|    8|       m_axi|         gmemA|       pointer|
|m_axi_gmemA_AWSIZE     |  out|    3|       m_axi|         gmemA|       pointer|
|m_axi_gmemA_AWBURST    |  out|    2|       m_axi|         gmemA|       pointer|
|m_axi_gmemA_AWLOCK     |  out|    2|       m_axi|         gmemA|       pointer|
|m_axi_gmemA_AWCACHE    |  out|    4|       m_axi|         gmemA|       pointer|
|m_axi_gmemA_AWPROT     |  out|    3|       m_axi|         gmemA|       pointer|
|m_axi_gmemA_AWQOS      |  out|    4|       m_axi|         gmemA|       pointer|
|m_axi_gmemA_AWREGION   |  out|    4|       m_axi|         gmemA|       pointer|
|m_axi_gmemA_AWUSER     |  out|    1|       m_axi|         gmemA|       pointer|
|m_axi_gmemA_WVALID     |  out|    1|       m_axi|         gmemA|       pointer|
|m_axi_gmemA_WREADY     |   in|    1|       m_axi|         gmemA|       pointer|
|m_axi_gmemA_WDATA      |  out|   32|       m_axi|         gmemA|       pointer|
|m_axi_gmemA_WSTRB      |  out|    4|       m_axi|         gmemA|       pointer|
|m_axi_gmemA_WLAST      |  out|    1|       m_axi|         gmemA|       pointer|
|m_axi_gmemA_WID        |  out|    1|       m_axi|         gmemA|       pointer|
|m_axi_gmemA_WUSER      |  out|    1|       m_axi|         gmemA|       pointer|
|m_axi_gmemA_ARVALID    |  out|    1|       m_axi|         gmemA|       pointer|
|m_axi_gmemA_ARREADY    |   in|    1|       m_axi|         gmemA|       pointer|
|m_axi_gmemA_ARADDR     |  out|   64|       m_axi|         gmemA|       pointer|
|m_axi_gmemA_ARID       |  out|    1|       m_axi|         gmemA|       pointer|
|m_axi_gmemA_ARLEN      |  out|    8|       m_axi|         gmemA|       pointer|
|m_axi_gmemA_ARSIZE     |  out|    3|       m_axi|         gmemA|       pointer|
|m_axi_gmemA_ARBURST    |  out|    2|       m_axi|         gmemA|       pointer|
|m_axi_gmemA_ARLOCK     |  out|    2|       m_axi|         gmemA|       pointer|
|m_axi_gmemA_ARCACHE    |  out|    4|       m_axi|         gmemA|       pointer|
|m_axi_gmemA_ARPROT     |  out|    3|       m_axi|         gmemA|       pointer|
|m_axi_gmemA_ARQOS      |  out|    4|       m_axi|         gmemA|       pointer|
|m_axi_gmemA_ARREGION   |  out|    4|       m_axi|         gmemA|       pointer|
|m_axi_gmemA_ARUSER     |  out|    1|       m_axi|         gmemA|       pointer|
|m_axi_gmemA_RVALID     |   in|    1|       m_axi|         gmemA|       pointer|
|m_axi_gmemA_RREADY     |  out|    1|       m_axi|         gmemA|       pointer|
|m_axi_gmemA_RDATA      |   in|   32|       m_axi|         gmemA|       pointer|
|m_axi_gmemA_RLAST      |   in|    1|       m_axi|         gmemA|       pointer|
|m_axi_gmemA_RID        |   in|    1|       m_axi|         gmemA|       pointer|
|m_axi_gmemA_RUSER      |   in|    1|       m_axi|         gmemA|       pointer|
|m_axi_gmemA_RRESP      |   in|    2|       m_axi|         gmemA|       pointer|
|m_axi_gmemA_BVALID     |   in|    1|       m_axi|         gmemA|       pointer|
|m_axi_gmemA_BREADY     |  out|    1|       m_axi|         gmemA|       pointer|
|m_axi_gmemA_BRESP      |   in|    2|       m_axi|         gmemA|       pointer|
|m_axi_gmemA_BID        |   in|    1|       m_axi|         gmemA|       pointer|
|m_axi_gmemA_BUSER      |   in|    1|       m_axi|         gmemA|       pointer|
|m_axi_gmemB_AWVALID    |  out|    1|       m_axi|         gmemB|       pointer|
|m_axi_gmemB_AWREADY    |   in|    1|       m_axi|         gmemB|       pointer|
|m_axi_gmemB_AWADDR     |  out|   64|       m_axi|         gmemB|       pointer|
|m_axi_gmemB_AWID       |  out|    1|       m_axi|         gmemB|       pointer|
|m_axi_gmemB_AWLEN      |  out|    8|       m_axi|         gmemB|       pointer|
|m_axi_gmemB_AWSIZE     |  out|    3|       m_axi|         gmemB|       pointer|
|m_axi_gmemB_AWBURST    |  out|    2|       m_axi|         gmemB|       pointer|
|m_axi_gmemB_AWLOCK     |  out|    2|       m_axi|         gmemB|       pointer|
|m_axi_gmemB_AWCACHE    |  out|    4|       m_axi|         gmemB|       pointer|
|m_axi_gmemB_AWPROT     |  out|    3|       m_axi|         gmemB|       pointer|
|m_axi_gmemB_AWQOS      |  out|    4|       m_axi|         gmemB|       pointer|
|m_axi_gmemB_AWREGION   |  out|    4|       m_axi|         gmemB|       pointer|
|m_axi_gmemB_AWUSER     |  out|    1|       m_axi|         gmemB|       pointer|
|m_axi_gmemB_WVALID     |  out|    1|       m_axi|         gmemB|       pointer|
|m_axi_gmemB_WREADY     |   in|    1|       m_axi|         gmemB|       pointer|
|m_axi_gmemB_WDATA      |  out|   32|       m_axi|         gmemB|       pointer|
|m_axi_gmemB_WSTRB      |  out|    4|       m_axi|         gmemB|       pointer|
|m_axi_gmemB_WLAST      |  out|    1|       m_axi|         gmemB|       pointer|
|m_axi_gmemB_WID        |  out|    1|       m_axi|         gmemB|       pointer|
|m_axi_gmemB_WUSER      |  out|    1|       m_axi|         gmemB|       pointer|
|m_axi_gmemB_ARVALID    |  out|    1|       m_axi|         gmemB|       pointer|
|m_axi_gmemB_ARREADY    |   in|    1|       m_axi|         gmemB|       pointer|
|m_axi_gmemB_ARADDR     |  out|   64|       m_axi|         gmemB|       pointer|
|m_axi_gmemB_ARID       |  out|    1|       m_axi|         gmemB|       pointer|
|m_axi_gmemB_ARLEN      |  out|    8|       m_axi|         gmemB|       pointer|
|m_axi_gmemB_ARSIZE     |  out|    3|       m_axi|         gmemB|       pointer|
|m_axi_gmemB_ARBURST    |  out|    2|       m_axi|         gmemB|       pointer|
|m_axi_gmemB_ARLOCK     |  out|    2|       m_axi|         gmemB|       pointer|
|m_axi_gmemB_ARCACHE    |  out|    4|       m_axi|         gmemB|       pointer|
|m_axi_gmemB_ARPROT     |  out|    3|       m_axi|         gmemB|       pointer|
|m_axi_gmemB_ARQOS      |  out|    4|       m_axi|         gmemB|       pointer|
|m_axi_gmemB_ARREGION   |  out|    4|       m_axi|         gmemB|       pointer|
|m_axi_gmemB_ARUSER     |  out|    1|       m_axi|         gmemB|       pointer|
|m_axi_gmemB_RVALID     |   in|    1|       m_axi|         gmemB|       pointer|
|m_axi_gmemB_RREADY     |  out|    1|       m_axi|         gmemB|       pointer|
|m_axi_gmemB_RDATA      |   in|   32|       m_axi|         gmemB|       pointer|
|m_axi_gmemB_RLAST      |   in|    1|       m_axi|         gmemB|       pointer|
|m_axi_gmemB_RID        |   in|    1|       m_axi|         gmemB|       pointer|
|m_axi_gmemB_RUSER      |   in|    1|       m_axi|         gmemB|       pointer|
|m_axi_gmemB_RRESP      |   in|    2|       m_axi|         gmemB|       pointer|
|m_axi_gmemB_BVALID     |   in|    1|       m_axi|         gmemB|       pointer|
|m_axi_gmemB_BREADY     |  out|    1|       m_axi|         gmemB|       pointer|
|m_axi_gmemB_BRESP      |   in|    2|       m_axi|         gmemB|       pointer|
|m_axi_gmemB_BID        |   in|    1|       m_axi|         gmemB|       pointer|
|m_axi_gmemB_BUSER      |   in|    1|       m_axi|         gmemB|       pointer|
|m_axi_gmemC_AWVALID    |  out|    1|       m_axi|         gmemC|       pointer|
|m_axi_gmemC_AWREADY    |   in|    1|       m_axi|         gmemC|       pointer|
|m_axi_gmemC_AWADDR     |  out|   64|       m_axi|         gmemC|       pointer|
|m_axi_gmemC_AWID       |  out|    1|       m_axi|         gmemC|       pointer|
|m_axi_gmemC_AWLEN      |  out|    8|       m_axi|         gmemC|       pointer|
|m_axi_gmemC_AWSIZE     |  out|    3|       m_axi|         gmemC|       pointer|
|m_axi_gmemC_AWBURST    |  out|    2|       m_axi|         gmemC|       pointer|
|m_axi_gmemC_AWLOCK     |  out|    2|       m_axi|         gmemC|       pointer|
|m_axi_gmemC_AWCACHE    |  out|    4|       m_axi|         gmemC|       pointer|
|m_axi_gmemC_AWPROT     |  out|    3|       m_axi|         gmemC|       pointer|
|m_axi_gmemC_AWQOS      |  out|    4|       m_axi|         gmemC|       pointer|
|m_axi_gmemC_AWREGION   |  out|    4|       m_axi|         gmemC|       pointer|
|m_axi_gmemC_AWUSER     |  out|    1|       m_axi|         gmemC|       pointer|
|m_axi_gmemC_WVALID     |  out|    1|       m_axi|         gmemC|       pointer|
|m_axi_gmemC_WREADY     |   in|    1|       m_axi|         gmemC|       pointer|
|m_axi_gmemC_WDATA      |  out|   32|       m_axi|         gmemC|       pointer|
|m_axi_gmemC_WSTRB      |  out|    4|       m_axi|         gmemC|       pointer|
|m_axi_gmemC_WLAST      |  out|    1|       m_axi|         gmemC|       pointer|
|m_axi_gmemC_WID        |  out|    1|       m_axi|         gmemC|       pointer|
|m_axi_gmemC_WUSER      |  out|    1|       m_axi|         gmemC|       pointer|
|m_axi_gmemC_ARVALID    |  out|    1|       m_axi|         gmemC|       pointer|
|m_axi_gmemC_ARREADY    |   in|    1|       m_axi|         gmemC|       pointer|
|m_axi_gmemC_ARADDR     |  out|   64|       m_axi|         gmemC|       pointer|
|m_axi_gmemC_ARID       |  out|    1|       m_axi|         gmemC|       pointer|
|m_axi_gmemC_ARLEN      |  out|    8|       m_axi|         gmemC|       pointer|
|m_axi_gmemC_ARSIZE     |  out|    3|       m_axi|         gmemC|       pointer|
|m_axi_gmemC_ARBURST    |  out|    2|       m_axi|         gmemC|       pointer|
|m_axi_gmemC_ARLOCK     |  out|    2|       m_axi|         gmemC|       pointer|
|m_axi_gmemC_ARCACHE    |  out|    4|       m_axi|         gmemC|       pointer|
|m_axi_gmemC_ARPROT     |  out|    3|       m_axi|         gmemC|       pointer|
|m_axi_gmemC_ARQOS      |  out|    4|       m_axi|         gmemC|       pointer|
|m_axi_gmemC_ARREGION   |  out|    4|       m_axi|         gmemC|       pointer|
|m_axi_gmemC_ARUSER     |  out|    1|       m_axi|         gmemC|       pointer|
|m_axi_gmemC_RVALID     |   in|    1|       m_axi|         gmemC|       pointer|
|m_axi_gmemC_RREADY     |  out|    1|       m_axi|         gmemC|       pointer|
|m_axi_gmemC_RDATA      |   in|   32|       m_axi|         gmemC|       pointer|
|m_axi_gmemC_RLAST      |   in|    1|       m_axi|         gmemC|       pointer|
|m_axi_gmemC_RID        |   in|    1|       m_axi|         gmemC|       pointer|
|m_axi_gmemC_RUSER      |   in|    1|       m_axi|         gmemC|       pointer|
|m_axi_gmemC_RRESP      |   in|    2|       m_axi|         gmemC|       pointer|
|m_axi_gmemC_BVALID     |   in|    1|       m_axi|         gmemC|       pointer|
|m_axi_gmemC_BREADY     |  out|    1|       m_axi|         gmemC|       pointer|
|m_axi_gmemC_BRESP      |   in|    2|       m_axi|         gmemC|       pointer|
|m_axi_gmemC_BID        |   in|    1|       m_axi|         gmemC|       pointer|
|m_axi_gmemC_BUSER      |   in|    1|       m_axi|         gmemC|       pointer|
+-----------------------+-----+-----+------------+--------------+--------------+

