

================================================================
== Vitis HLS Report for 'mmult_accel'
================================================================
* Date:           Mon Feb 24 22:59:46 2025

* Version:        2024.2 (Build 5238294 on Nov  8 2024)
* Project:        MatMul_SA
* Solution:       hls (Vivado IP Flow Target)
* Product family: zynquplus
* Target device:  xck26-sfvc784-2LV-c


================================================================
== Performance Estimates
================================================================
+ Timing: 
    * Summary: 
    +--------+----------+----------+------------+
    |  Clock |  Target  | Estimated| Uncertainty|
    +--------+----------+----------+------------+
    |ap_clk  |  10.00 ns|  8.000 ns|     2.00 ns|
    +--------+----------+----------+------------+

+ Latency: 
    * Summary: 
    +---------+---------+----------+----------+-----+-----+---------+
    |  Latency (cycles) |  Latency (absolute) |  Interval | Pipeline|
    |   min   |   max   |    min   |    max   | min | max |   Type  |
    +---------+---------+----------+----------+-----+-----+---------+
    |        ?|        ?|         ?|         ?|    ?|    ?|       no|
    +---------+---------+----------+----------+-----+-----+---------+

    + Detail: 
        * Instance: 
        +---------------------------------------------------------------+---------------------------------------------------+---------+---------+----------+----------+-----+-----+------------------------------------------------+
        |                                                               |                                                   |  Latency (cycles) |  Latency (absolute) |  Interval |                    Pipeline                    |
        |                            Instance                           |                       Module                      |   min   |   max   |    min   |    max   | min | max |                      Type                      |
        +---------------------------------------------------------------+---------------------------------------------------+---------+---------+----------+----------+-----+-----+------------------------------------------------+
        |grp_mmult_accel_Pipeline_copy_A_VITIS_LOOP_58_1_fu_4449        |mmult_accel_Pipeline_copy_A_VITIS_LOOP_58_1        |        ?|        ?|         ?|         ?|    0|    0|  loop auto-rewind stp (delay=0 clock cycles(s))|
        |grp_mmult_accel_Pipeline_copy_B_block_VITIS_LOOP_80_2_fu_4460  |mmult_accel_Pipeline_copy_B_block_VITIS_LOOP_80_2  |        ?|        ?|         ?|         ?|    0|    0|  loop auto-rewind stp (delay=0 clock cycles(s))|
        |grp_mmult_accel_Pipeline_loadA_VITIS_LOOP_129_4_fu_4473        |mmult_accel_Pipeline_loadA_VITIS_LOOP_129_4        |      258|      258|  2.580 us|  2.580 us|  257|  257|  loop auto-rewind stp (delay=0 clock cycles(s))|
        |grp_mmult_accel_Pipeline_loadB_VITIS_LOOP_144_5_fu_4499        |mmult_accel_Pipeline_loadB_VITIS_LOOP_144_5        |      258|      258|  2.580 us|  2.580 us|  257|  257|  loop auto-rewind stp (delay=0 clock cycles(s))|
        |grp_mmult_accel_Pipeline_writeC_VITIS_LOOP_181_8_fu_4524       |mmult_accel_Pipeline_writeC_VITIS_LOOP_181_8       |      264|      264|  2.640 us|  2.640 us|  257|  257|  loop auto-rewind stp (delay=0 clock cycles(s))|
        |grp_mmult_accel_Pipeline_compute_fu_5049                       |mmult_accel_Pipeline_compute                       |       21|       21|  0.210 us|  0.210 us|   17|   17|  loop auto-rewind stp (delay=0 clock cycles(s))|
        +---------------------------------------------------------------+---------------------------------------------------+---------+---------+----------+----------+-----+-----+------------------------------------------------+

        * Loop: 
        +-----------------+---------+-------------+-------------------+-----------+-----------+---------------+----------+
        |                 |    Latency (cycles)   |     Iteration     |  Initiation Interval  |      Trip     |          |
        |    Loop Name    |   min   |     max     |      Latency      |  achieved |   target  |     Count     | Pipelined|
        +-----------------+---------+-------------+-------------------+-----------+-----------+---------------+----------+
        |- outer_j_block  |        ?|            ?|                  ?|          -|          -|   1 ~ 16777216|        no|
        | + tile_i        |      553|            ?|            553 ~ ?|          -|          -|  1 ~ 268435456|        no|
        |  ++ tile_j      |      551|            ?|  551 ~ 76235669771|          -|          -|  1 ~ 268435456|        no|
        |   +++ k_loop    |      284|  76235669504|                284|          -|          -|  1 ~ 268435456|        no|
        +-----------------+---------+-------------+-------------------+-----------+-----------+---------------+----------+



================================================================
== Utilization Estimates
================================================================
* Summary: 
+-----------------+---------+------+--------+--------+-----+
|       Name      | BRAM_18K|  DSP |   FF   |   LUT  | URAM|
+-----------------+---------+------+--------+--------+-----+
|DSP              |        -|     -|       -|       -|    -|
|Expression       |        -|     -|       0|     876|    -|
|FIFO             |        -|     -|       -|       -|    -|
|Instance         |        6|   272|   11567|   11010|    0|
|Memory           |      120|     -|     256|      64|    0|
|Multiplexer      |        -|     -|       0|    3832|    -|
|Register         |        -|     -|    9304|       -|    -|
+-----------------+---------+------+--------+--------+-----+
|Total            |      126|   272|   21127|   15782|    0|
+-----------------+---------+------+--------+--------+-----+
|Available        |      288|  1248|  234240|  117120|   64|
+-----------------+---------+------+--------+--------+-----+
|Utilization (%)  |       43|    21|       9|      13|    0|
+-----------------+---------+------+--------+--------+-----+

+ Detail: 
    * Instance: 
    +---------------------------------------------------------------+---------------------------------------------------+---------+-----+------+------+-----+
    |                            Instance                           |                       Module                      | BRAM_18K| DSP |  FF  |  LUT | URAM|
    +---------------------------------------------------------------+---------------------------------------------------+---------+-----+------+------+-----+
    |control_s_axi_U                                                |control_s_axi                                      |        0|    0|   398|   680|    0|
    |gmemA_m_axi_U                                                  |gmemA_m_axi                                        |        2|    0|   707|   757|    0|
    |gmemB_m_axi_U                                                  |gmemB_m_axi                                        |        2|    0|   707|   757|    0|
    |gmemC_m_axi_U                                                  |gmemC_m_axi                                        |        2|    0|   665|   625|    0|
    |grp_mmult_accel_Pipeline_compute_fu_5049                       |mmult_accel_Pipeline_compute                       |        0|  256|  8271|  4703|    0|
    |grp_mmult_accel_Pipeline_copy_A_VITIS_LOOP_58_1_fu_4449        |mmult_accel_Pipeline_copy_A_VITIS_LOOP_58_1        |        0|    0|   141|   417|    0|
    |grp_mmult_accel_Pipeline_copy_B_block_VITIS_LOOP_80_2_fu_4460  |mmult_accel_Pipeline_copy_B_block_VITIS_LOOP_80_2  |        0|    4|   385|   600|    0|
    |grp_mmult_accel_Pipeline_loadA_VITIS_LOOP_129_4_fu_4473        |mmult_accel_Pipeline_loadA_VITIS_LOOP_129_4        |        0|    0|    32|   383|    0|
    |grp_mmult_accel_Pipeline_loadB_VITIS_LOOP_144_5_fu_4499        |mmult_accel_Pipeline_loadB_VITIS_LOOP_144_5        |        0|    0|    32|   345|    0|
    |grp_mmult_accel_Pipeline_writeC_VITIS_LOOP_181_8_fu_4524       |mmult_accel_Pipeline_writeC_VITIS_LOOP_181_8       |        0|    4|   229|  1703|    0|
    |mul_31ns_31ns_62_1_1_U1143                                     |mul_31ns_31ns_62_1_1                               |        0|    4|     0|    20|    0|
    |mul_32ns_32ns_63_1_1_U1144                                     |mul_32ns_32ns_63_1_1                               |        0|    4|     0|    20|    0|
    +---------------------------------------------------------------+---------------------------------------------------+---------+-----+------+------+-----+
    |Total                                                          |                                                   |        6|  272| 11567| 11010|    0|
    +---------------------------------------------------------------+---------------------------------------------------+---------+-----+------+------+-----+

    * DSP: 
    N/A

    * Memory: 
    +-------------+--------------------------+---------+---+----+-----+--------+-----+------+-------------+
    |    Memory   |          Module          | BRAM_18K| FF| LUT| URAM|  Words | Bits| Banks| W*Bits*Banks|
    +-------------+--------------------------+---------+---+----+-----+--------+-----+------+-------------+
    |A_bram_U     |A_bram_RAM_2P_BRAM_1R1W   |       24|  0|   0|    0|   49152|    8|     1|       393216|
    |B_local_U    |B_local_RAM_2P_BRAM_1R1W  |       96|  0|   0|    0|  196608|    8|     1|      1572864|
    |localA_U     |localA_RAM_AUTO_1R1W      |        0|  8|   2|    0|      16|    8|     1|          128|
    |localA_1_U   |localA_RAM_AUTO_1R1W      |        0|  8|   2|    0|      16|    8|     1|          128|
    |localA_2_U   |localA_RAM_AUTO_1R1W      |        0|  8|   2|    0|      16|    8|     1|          128|
    |localA_3_U   |localA_RAM_AUTO_1R1W      |        0|  8|   2|    0|      16|    8|     1|          128|
    |localA_4_U   |localA_RAM_AUTO_1R1W      |        0|  8|   2|    0|      16|    8|     1|          128|
    |localA_5_U   |localA_RAM_AUTO_1R1W      |        0|  8|   2|    0|      16|    8|     1|          128|
    |localA_6_U   |localA_RAM_AUTO_1R1W      |        0|  8|   2|    0|      16|    8|     1|          128|
    |localA_7_U   |localA_RAM_AUTO_1R1W      |        0|  8|   2|    0|      16|    8|     1|          128|
    |localA_8_U   |localA_RAM_AUTO_1R1W      |        0|  8|   2|    0|      16|    8|     1|          128|
    |localA_9_U   |localA_RAM_AUTO_1R1W      |        0|  8|   2|    0|      16|    8|     1|          128|
    |localA_10_U  |localA_RAM_AUTO_1R1W      |        0|  8|   2|    0|      16|    8|     1|          128|
    |localA_11_U  |localA_RAM_AUTO_1R1W      |        0|  8|   2|    0|      16|    8|     1|          128|
    |localA_12_U  |localA_RAM_AUTO_1R1W      |        0|  8|   2|    0|      16|    8|     1|          128|
    |localA_13_U  |localA_RAM_AUTO_1R1W      |        0|  8|   2|    0|      16|    8|     1|          128|
    |localA_14_U  |localA_RAM_AUTO_1R1W      |        0|  8|   2|    0|      16|    8|     1|          128|
    |localA_15_U  |localA_RAM_AUTO_1R1W      |        0|  8|   2|    0|      16|    8|     1|          128|
    |localB_U     |localA_RAM_AUTO_1R1W      |        0|  8|   2|    0|      16|    8|     1|          128|
    |localB_1_U   |localA_RAM_AUTO_1R1W      |        0|  8|   2|    0|      16|    8|     1|          128|
    |localB_2_U   |localA_RAM_AUTO_1R1W      |        0|  8|   2|    0|      16|    8|     1|          128|
    |localB_3_U   |localA_RAM_AUTO_1R1W      |        0|  8|   2|    0|      16|    8|     1|          128|
    |localB_4_U   |localA_RAM_AUTO_1R1W      |        0|  8|   2|    0|      16|    8|     1|          128|
    |localB_5_U   |localA_RAM_AUTO_1R1W      |        0|  8|   2|    0|      16|    8|     1|          128|
    |localB_6_U   |localA_RAM_AUTO_1R1W      |        0|  8|   2|    0|      16|    8|     1|          128|
    |localB_7_U   |localA_RAM_AUTO_1R1W      |        0|  8|   2|    0|      16|    8|     1|          128|
    |localB_8_U   |localA_RAM_AUTO_1R1W      |        0|  8|   2|    0|      16|    8|     1|          128|
    |localB_9_U   |localA_RAM_AUTO_1R1W      |        0|  8|   2|    0|      16|    8|     1|          128|
    |localB_10_U  |localA_RAM_AUTO_1R1W      |        0|  8|   2|    0|      16|    8|     1|          128|
    |localB_11_U  |localA_RAM_AUTO_1R1W      |        0|  8|   2|    0|      16|    8|     1|          128|
    |localB_12_U  |localA_RAM_AUTO_1R1W      |        0|  8|   2|    0|      16|    8|     1|          128|
    |localB_13_U  |localA_RAM_AUTO_1R1W      |        0|  8|   2|    0|      16|    8|     1|          128|
    |localB_14_U  |localA_RAM_AUTO_1R1W      |        0|  8|   2|    0|      16|    8|     1|          128|
    |localB_15_U  |localA_RAM_AUTO_1R1W      |        0|  8|   2|    0|      16|    8|     1|          128|
    +-------------+--------------------------+---------+---+----+-----+--------+-----+------+-------------+
    |Total        |                          |      120|256|  64|    0|  246272|  272|    34|      1970176|
    +-------------+--------------------------+---------+---+----+-----+--------+-----+------+-------------+

    * FIFO: 
    N/A

    * Expression: 
    +----------------------------------+----------+----+---+----+------------+------------+
    |           Variable Name          | Operation| DSP| FF| LUT| Bitwidth P0| Bitwidth P1|
    +----------------------------------+----------+----+---+----+------------+------------+
    |add_ln125_fu_6108_p2              |         +|   0|  0|  39|          32|           5|
    |add_ln71_fu_5993_p2               |         +|   0|  0|  39|          32|           9|
    |add_ln92_fu_6087_p2               |         +|   0|  0|  39|          32|           5|
    |add_ln94_fu_6114_p2               |         +|   0|  0|  39|          32|           5|
    |sub_ln71_fu_6018_p2               |         -|   0|  0|  39|          32|          32|
    |ap_block_state12_on_subcall_done  |       and|   0|  0|   2|           1|           1|
    |cmp239_fu_5888_p2                 |      icmp|   0|  0|  39|          32|           1|
    |cmp2414_fu_6035_p2                |      icmp|   0|  0|  39|          32|           1|
    |empty_291_fu_5956_p2              |      icmp|   0|  0|  39|          32|           1|
    |icmp_ln125_fu_6097_p2             |      icmp|   0|  0|  40|          33|          33|
    |icmp_ln54_fu_5876_p2              |      icmp|   0|  0|  39|          32|           1|
    |icmp_ln57_fu_5882_p2              |      icmp|   0|  0|  39|          32|           1|
    |icmp_ln70_fu_5984_p2              |      icmp|   0|  0|  40|          33|          33|
    |icmp_ln71_fu_6003_p2              |      icmp|   0|  0|  40|          33|          33|
    |icmp_ln92_fu_6061_p2              |      icmp|   0|  0|  40|          33|          33|
    |icmp_ln94_fu_6078_p2              |      icmp|   0|  0|  40|          33|          33|
    |ap_block_state19_on_subcall_done  |        or|   0|  0|   2|           1|           1|
    |current_block_M_fu_6023_p3        |    select|   0|  0|  32|           1|           9|
    |empty_289_fu_5909_p3              |    select|   0|  0|  62|           1|          63|
    |empty_292_fu_6041_p3              |    select|   0|  0|  31|           1|          31|
    |select_ln57_fu_5902_p3            |    select|   0|  0|  62|           1|          63|
    |smax1_fu_5932_p3                  |    select|   0|  0|  31|           1|          31|
    |smax3_fu_5961_p3                  |    select|   0|  0|  31|           1|          31|
    |smax_fu_5916_p3                   |    select|   0|  0|  31|           1|          31|
    |xor_ln71_fu_6008_p2               |       xor|   0|  0|   2|           1|           2|
    +----------------------------------+----------+----+---+----+------------+------------+
    |Total                             |          |   0|  0| 876|         495|         489|
    +----------------------------------+----------+----+---+----+------------+------------+

    * Multiplexer: 
    +---------------------+-----+-----------+-----+-----------+
    |         Name        | LUT | Input Size| Bits| Total Bits|
    +---------------------+-----+-----------+-----+-----------+
    |A_bram_ce0           |    9|          2|    1|          2|
    |A_bram_ce1           |    9|          2|    1|          2|
    |A_bram_we1           |    9|          2|    1|          2|
    |B_local_ce0          |    9|          2|    1|          2|
    |B_local_ce1          |    9|          2|    1|          2|
    |B_local_we1          |    9|          2|    1|          2|
    |ap_NS_fsm            |  121|         24|    1|         24|
    |gmemA_0_ARADDR       |   14|          3|   64|        192|
    |gmemA_0_ARLEN        |   14|          3|   32|         96|
    |gmemA_0_ARVALID      |   14|          3|    1|          3|
    |gmemA_0_RREADY       |    9|          2|    1|          2|
    |gmemA_blk_n_AR       |    9|          2|    1|          2|
    |gmemB_0_ARVALID      |    9|          2|    1|          2|
    |gmemB_0_RREADY       |    9|          2|    1|          2|
    |gmemC_0_AWVALID      |    9|          2|    1|          2|
    |gmemC_0_BREADY       |    9|          2|    1|          2|
    |gmemC_0_WVALID       |    9|          2|    1|          2|
    |grp_fu_5853_p0       |   14|          3|   31|         93|
    |grp_fu_5853_p1       |   14|          3|   31|         93|
    |i0_reg_1342          |    9|          2|   32|         64|
    |j0_reg_1354          |    9|          2|   32|         64|
    |j_block_fu_1290      |    9|          2|   32|         64|
    |k0_reg_1366          |    9|          2|   32|         64|
    |localA_10_address0   |   14|          3|    4|         12|
    |localA_10_ce0        |   14|          3|    1|          3|
    |localA_10_we0        |    9|          2|    1|          2|
    |localA_11_address0   |   14|          3|    4|         12|
    |localA_11_ce0        |   14|          3|    1|          3|
    |localA_11_we0        |    9|          2|    1|          2|
    |localA_12_address0   |   14|          3|    4|         12|
    |localA_12_ce0        |   14|          3|    1|          3|
    |localA_12_we0        |    9|          2|    1|          2|
    |localA_13_address0   |   14|          3|    4|         12|
    |localA_13_ce0        |   14|          3|    1|          3|
    |localA_13_we0        |    9|          2|    1|          2|
    |localA_14_address0   |   14|          3|    4|         12|
    |localA_14_ce0        |   14|          3|    1|          3|
    |localA_14_we0        |    9|          2|    1|          2|
    |localA_15_address0   |   14|          3|    4|         12|
    |localA_15_ce0        |   14|          3|    1|          3|
    |localA_15_we0        |    9|          2|    1|          2|
    |localA_1_address0    |   14|          3|    4|         12|
    |localA_1_ce0         |   14|          3|    1|          3|
    |localA_1_we0         |    9|          2|    1|          2|
    |localA_2_address0    |   14|          3|    4|         12|
    |localA_2_ce0         |   14|          3|    1|          3|
    |localA_2_we0         |    9|          2|    1|          2|
    |localA_3_address0    |   14|          3|    4|         12|
    |localA_3_ce0         |   14|          3|    1|          3|
    |localA_3_we0         |    9|          2|    1|          2|
    |localA_4_address0    |   14|          3|    4|         12|
    |localA_4_ce0         |   14|          3|    1|          3|
    |localA_4_we0         |    9|          2|    1|          2|
    |localA_5_address0    |   14|          3|    4|         12|
    |localA_5_ce0         |   14|          3|    1|          3|
    |localA_5_we0         |    9|          2|    1|          2|
    |localA_6_address0    |   14|          3|    4|         12|
    |localA_6_ce0         |   14|          3|    1|          3|
    |localA_6_we0         |    9|          2|    1|          2|
    |localA_7_address0    |   14|          3|    4|         12|
    |localA_7_ce0         |   14|          3|    1|          3|
    |localA_7_we0         |    9|          2|    1|          2|
    |localA_8_address0    |   14|          3|    4|         12|
    |localA_8_ce0         |   14|          3|    1|          3|
    |localA_8_we0         |    9|          2|    1|          2|
    |localA_9_address0    |   14|          3|    4|         12|
    |localA_9_ce0         |   14|          3|    1|          3|
    |localA_9_we0         |    9|          2|    1|          2|
    |localA_address0      |   14|          3|    4|         12|
    |localA_ce0           |   14|          3|    1|          3|
    |localA_we0           |    9|          2|    1|          2|
    |localB_10_address0   |   14|          3|    4|         12|
    |localB_10_ce0        |   14|          3|    1|          3|
    |localB_10_we0        |    9|          2|    1|          2|
    |localB_11_address0   |   14|          3|    4|         12|
    |localB_11_ce0        |   14|          3|    1|          3|
    |localB_11_we0        |    9|          2|    1|          2|
    |localB_12_address0   |   14|          3|    4|         12|
    |localB_12_ce0        |   14|          3|    1|          3|
    |localB_12_we0        |    9|          2|    1|          2|
    |localB_13_address0   |   14|          3|    4|         12|
    |localB_13_ce0        |   14|          3|    1|          3|
    |localB_13_we0        |    9|          2|    1|          2|
    |localB_14_address0   |   14|          3|    4|         12|
    |localB_14_ce0        |   14|          3|    1|          3|
    |localB_14_we0        |    9|          2|    1|          2|
    |localB_15_address0   |   14|          3|    4|         12|
    |localB_15_ce0        |   14|          3|    1|          3|
    |localB_15_we0        |    9|          2|    1|          2|
    |localB_1_address0    |   14|          3|    4|         12|
    |localB_1_ce0         |   14|          3|    1|          3|
    |localB_1_we0         |    9|          2|    1|          2|
    |localB_2_address0    |   14|          3|    4|         12|
    |localB_2_ce0         |   14|          3|    1|          3|
    |localB_2_we0         |    9|          2|    1|          2|
    |localB_3_address0    |   14|          3|    4|         12|
    |localB_3_ce0         |   14|          3|    1|          3|
    |localB_3_we0         |    9|          2|    1|          2|
    |localB_4_address0    |   14|          3|    4|         12|
    |localB_4_ce0         |   14|          3|    1|          3|
    |localB_4_we0         |    9|          2|    1|          2|
    |localB_5_address0    |   14|          3|    4|         12|
    |localB_5_ce0         |   14|          3|    1|          3|
    |localB_5_we0         |    9|          2|    1|          2|
    |localB_6_address0    |   14|          3|    4|         12|
    |localB_6_ce0         |   14|          3|    1|          3|
    |localB_6_we0         |    9|          2|    1|          2|
    |localB_7_address0    |   14|          3|    4|         12|
    |localB_7_ce0         |   14|          3|    1|          3|
    |localB_7_we0         |    9|          2|    1|          2|
    |localB_8_address0    |   14|          3|    4|         12|
    |localB_8_ce0         |   14|          3|    1|          3|
    |localB_8_we0         |    9|          2|    1|          2|
    |localB_9_address0    |   14|          3|    4|         12|
    |localB_9_ce0         |   14|          3|    1|          3|
    |localB_9_we0         |    9|          2|    1|          2|
    |localB_address0      |   14|          3|    4|         12|
    |localB_ce0           |   14|          3|    1|          3|
    |localB_we0           |    9|          2|    1|          2|
    |localC_100_reg_2577  |    9|          2|   32|         64|
    |localC_101_reg_2589  |    9|          2|   32|         64|
    |localC_102_reg_2601  |    9|          2|   32|         64|
    |localC_103_reg_2613  |    9|          2|   32|         64|
    |localC_104_reg_2625  |    9|          2|   32|         64|
    |localC_105_reg_2637  |    9|          2|   32|         64|
    |localC_106_reg_2649  |    9|          2|   32|         64|
    |localC_107_reg_2661  |    9|          2|   32|         64|
    |localC_108_reg_2673  |    9|          2|   32|         64|
    |localC_109_reg_2685  |    9|          2|   32|         64|
    |localC_10_reg_1497   |    9|          2|   32|         64|
    |localC_110_reg_2697  |    9|          2|   32|         64|
    |localC_111_reg_2709  |    9|          2|   32|         64|
    |localC_112_reg_2721  |    9|          2|   32|         64|
    |localC_113_reg_2733  |    9|          2|   32|         64|
    |localC_114_reg_2745  |    9|          2|   32|         64|
    |localC_115_reg_2757  |    9|          2|   32|         64|
    |localC_116_reg_2769  |    9|          2|   32|         64|
    |localC_117_reg_2781  |    9|          2|   32|         64|
    |localC_118_reg_2793  |    9|          2|   32|         64|
    |localC_119_reg_2805  |    9|          2|   32|         64|
    |localC_11_reg_1509   |    9|          2|   32|         64|
    |localC_120_reg_2817  |    9|          2|   32|         64|
    |localC_121_reg_2829  |    9|          2|   32|         64|
    |localC_122_reg_2841  |    9|          2|   32|         64|
    |localC_123_reg_2853  |    9|          2|   32|         64|
    |localC_124_reg_2865  |    9|          2|   32|         64|
    |localC_125_reg_2877  |    9|          2|   32|         64|
    |localC_126_reg_2889  |    9|          2|   32|         64|
    |localC_127_reg_2901  |    9|          2|   32|         64|
    |localC_128_reg_2913  |    9|          2|   32|         64|
    |localC_129_reg_2925  |    9|          2|   32|         64|
    |localC_12_reg_1521   |    9|          2|   32|         64|
    |localC_130_reg_2937  |    9|          2|   32|         64|
    |localC_131_reg_2949  |    9|          2|   32|         64|
    |localC_132_reg_2961  |    9|          2|   32|         64|
    |localC_133_reg_2973  |    9|          2|   32|         64|
    |localC_134_reg_2985  |    9|          2|   32|         64|
    |localC_135_reg_2997  |    9|          2|   32|         64|
    |localC_136_reg_3009  |    9|          2|   32|         64|
    |localC_137_reg_3021  |    9|          2|   32|         64|
    |localC_138_reg_3033  |    9|          2|   32|         64|
    |localC_139_reg_3045  |    9|          2|   32|         64|
    |localC_13_reg_1533   |    9|          2|   32|         64|
    |localC_140_reg_3057  |    9|          2|   32|         64|
    |localC_141_reg_3069  |    9|          2|   32|         64|
    |localC_142_reg_3081  |    9|          2|   32|         64|
    |localC_143_reg_3093  |    9|          2|   32|         64|
    |localC_144_reg_3105  |    9|          2|   32|         64|
    |localC_145_reg_3117  |    9|          2|   32|         64|
    |localC_146_reg_3129  |    9|          2|   32|         64|
    |localC_147_reg_3141  |    9|          2|   32|         64|
    |localC_148_reg_3153  |    9|          2|   32|         64|
    |localC_149_reg_3165  |    9|          2|   32|         64|
    |localC_14_reg_1545   |    9|          2|   32|         64|
    |localC_150_reg_3177  |    9|          2|   32|         64|
    |localC_151_reg_3189  |    9|          2|   32|         64|
    |localC_152_reg_3201  |    9|          2|   32|         64|
    |localC_153_reg_3213  |    9|          2|   32|         64|
    |localC_154_reg_3225  |    9|          2|   32|         64|
    |localC_155_reg_3237  |    9|          2|   32|         64|
    |localC_156_reg_3249  |    9|          2|   32|         64|
    |localC_157_reg_3261  |    9|          2|   32|         64|
    |localC_158_reg_3273  |    9|          2|   32|         64|
    |localC_159_reg_3285  |    9|          2|   32|         64|
    |localC_15_reg_1557   |    9|          2|   32|         64|
    |localC_160_reg_3297  |    9|          2|   32|         64|
    |localC_161_reg_3309  |    9|          2|   32|         64|
    |localC_162_reg_3321  |    9|          2|   32|         64|
    |localC_163_reg_3333  |    9|          2|   32|         64|
    |localC_164_reg_3345  |    9|          2|   32|         64|
    |localC_165_reg_3357  |    9|          2|   32|         64|
    |localC_166_reg_3369  |    9|          2|   32|         64|
    |localC_167_reg_3381  |    9|          2|   32|         64|
    |localC_168_reg_3393  |    9|          2|   32|         64|
    |localC_169_reg_3405  |    9|          2|   32|         64|
    |localC_16_reg_1569   |    9|          2|   32|         64|
    |localC_170_reg_3417  |    9|          2|   32|         64|
    |localC_171_reg_3429  |    9|          2|   32|         64|
    |localC_172_reg_3441  |    9|          2|   32|         64|
    |localC_173_reg_3453  |    9|          2|   32|         64|
    |localC_174_reg_3465  |    9|          2|   32|         64|
    |localC_175_reg_3477  |    9|          2|   32|         64|
    |localC_176_reg_3489  |    9|          2|   32|         64|
    |localC_177_reg_3501  |    9|          2|   32|         64|
    |localC_178_reg_3513  |    9|          2|   32|         64|
    |localC_179_reg_3525  |    9|          2|   32|         64|
    |localC_17_reg_1581   |    9|          2|   32|         64|
    |localC_180_reg_3537  |    9|          2|   32|         64|
    |localC_181_reg_3549  |    9|          2|   32|         64|
    |localC_182_reg_3561  |    9|          2|   32|         64|
    |localC_183_reg_3573  |    9|          2|   32|         64|
    |localC_184_reg_3585  |    9|          2|   32|         64|
    |localC_185_reg_3597  |    9|          2|   32|         64|
    |localC_186_reg_3609  |    9|          2|   32|         64|
    |localC_187_reg_3621  |    9|          2|   32|         64|
    |localC_188_reg_3633  |    9|          2|   32|         64|
    |localC_189_reg_3645  |    9|          2|   32|         64|
    |localC_18_reg_1593   |    9|          2|   32|         64|
    |localC_190_reg_3657  |    9|          2|   32|         64|
    |localC_191_reg_3669  |    9|          2|   32|         64|
    |localC_192_reg_3681  |    9|          2|   32|         64|
    |localC_193_reg_3693  |    9|          2|   32|         64|
    |localC_194_reg_3705  |    9|          2|   32|         64|
    |localC_195_reg_3717  |    9|          2|   32|         64|
    |localC_196_reg_3729  |    9|          2|   32|         64|
    |localC_197_reg_3741  |    9|          2|   32|         64|
    |localC_198_reg_3753  |    9|          2|   32|         64|
    |localC_199_reg_3765  |    9|          2|   32|         64|
    |localC_19_reg_1605   |    9|          2|   32|         64|
    |localC_1_reg_1389    |    9|          2|   32|         64|
    |localC_200_reg_3777  |    9|          2|   32|         64|
    |localC_201_reg_3789  |    9|          2|   32|         64|
    |localC_202_reg_3801  |    9|          2|   32|         64|
    |localC_203_reg_3813  |    9|          2|   32|         64|
    |localC_204_reg_3825  |    9|          2|   32|         64|
    |localC_205_reg_3837  |    9|          2|   32|         64|
    |localC_206_reg_3849  |    9|          2|   32|         64|
    |localC_207_reg_3861  |    9|          2|   32|         64|
    |localC_208_reg_3873  |    9|          2|   32|         64|
    |localC_209_reg_3885  |    9|          2|   32|         64|
    |localC_20_reg_1617   |    9|          2|   32|         64|
    |localC_210_reg_3897  |    9|          2|   32|         64|
    |localC_211_reg_3909  |    9|          2|   32|         64|
    |localC_212_reg_3921  |    9|          2|   32|         64|
    |localC_213_reg_3933  |    9|          2|   32|         64|
    |localC_214_reg_3945  |    9|          2|   32|         64|
    |localC_215_reg_3957  |    9|          2|   32|         64|
    |localC_216_reg_3969  |    9|          2|   32|         64|
    |localC_217_reg_3981  |    9|          2|   32|         64|
    |localC_218_reg_3993  |    9|          2|   32|         64|
    |localC_219_reg_4005  |    9|          2|   32|         64|
    |localC_21_reg_1629   |    9|          2|   32|         64|
    |localC_220_reg_4017  |    9|          2|   32|         64|
    |localC_221_reg_4029  |    9|          2|   32|         64|
    |localC_222_reg_4041  |    9|          2|   32|         64|
    |localC_223_reg_4053  |    9|          2|   32|         64|
    |localC_224_reg_4065  |    9|          2|   32|         64|
    |localC_225_reg_4077  |    9|          2|   32|         64|
    |localC_226_reg_4089  |    9|          2|   32|         64|
    |localC_227_reg_4101  |    9|          2|   32|         64|
    |localC_228_reg_4113  |    9|          2|   32|         64|
    |localC_229_reg_4125  |    9|          2|   32|         64|
    |localC_22_reg_1641   |    9|          2|   32|         64|
    |localC_230_reg_4137  |    9|          2|   32|         64|
    |localC_231_reg_4149  |    9|          2|   32|         64|
    |localC_232_reg_4161  |    9|          2|   32|         64|
    |localC_233_reg_4173  |    9|          2|   32|         64|
    |localC_234_reg_4185  |    9|          2|   32|         64|
    |localC_235_reg_4197  |    9|          2|   32|         64|
    |localC_236_reg_4209  |    9|          2|   32|         64|
    |localC_237_reg_4221  |    9|          2|   32|         64|
    |localC_238_reg_4233  |    9|          2|   32|         64|
    |localC_239_reg_4245  |    9|          2|   32|         64|
    |localC_23_reg_1653   |    9|          2|   32|         64|
    |localC_240_reg_4257  |    9|          2|   32|         64|
    |localC_241_reg_4269  |    9|          2|   32|         64|
    |localC_242_reg_4281  |    9|          2|   32|         64|
    |localC_243_reg_4293  |    9|          2|   32|         64|
    |localC_244_reg_4305  |    9|          2|   32|         64|
    |localC_245_reg_4317  |    9|          2|   32|         64|
    |localC_246_reg_4329  |    9|          2|   32|         64|
    |localC_247_reg_4341  |    9|          2|   32|         64|
    |localC_248_reg_4353  |    9|          2|   32|         64|
    |localC_249_reg_4365  |    9|          2|   32|         64|
    |localC_24_reg_1665   |    9|          2|   32|         64|
    |localC_250_reg_4377  |    9|          2|   32|         64|
    |localC_251_reg_4389  |    9|          2|   32|         64|
    |localC_252_reg_4401  |    9|          2|   32|         64|
    |localC_253_reg_4413  |    9|          2|   32|         64|
    |localC_254_reg_4425  |    9|          2|   32|         64|
    |localC_255_reg_4437  |    9|          2|   32|         64|
    |localC_25_reg_1677   |    9|          2|   32|         64|
    |localC_26_reg_1689   |    9|          2|   32|         64|
    |localC_27_reg_1701   |    9|          2|   32|         64|
    |localC_28_reg_1713   |    9|          2|   32|         64|
    |localC_29_reg_1725   |    9|          2|   32|         64|
    |localC_2_reg_1401    |    9|          2|   32|         64|
    |localC_30_reg_1737   |    9|          2|   32|         64|
    |localC_31_reg_1749   |    9|          2|   32|         64|
    |localC_32_reg_1761   |    9|          2|   32|         64|
    |localC_33_reg_1773   |    9|          2|   32|         64|
    |localC_34_reg_1785   |    9|          2|   32|         64|
    |localC_35_reg_1797   |    9|          2|   32|         64|
    |localC_36_reg_1809   |    9|          2|   32|         64|
    |localC_37_reg_1821   |    9|          2|   32|         64|
    |localC_38_reg_1833   |    9|          2|   32|         64|
    |localC_39_reg_1845   |    9|          2|   32|         64|
    |localC_3_reg_1413    |    9|          2|   32|         64|
    |localC_40_reg_1857   |    9|          2|   32|         64|
    |localC_41_reg_1869   |    9|          2|   32|         64|
    |localC_42_reg_1881   |    9|          2|   32|         64|
    |localC_43_reg_1893   |    9|          2|   32|         64|
    |localC_44_reg_1905   |    9|          2|   32|         64|
    |localC_45_reg_1917   |    9|          2|   32|         64|
    |localC_46_reg_1929   |    9|          2|   32|         64|
    |localC_47_reg_1941   |    9|          2|   32|         64|
    |localC_48_reg_1953   |    9|          2|   32|         64|
    |localC_49_reg_1965   |    9|          2|   32|         64|
    |localC_4_reg_1425    |    9|          2|   32|         64|
    |localC_50_reg_1977   |    9|          2|   32|         64|
    |localC_51_reg_1989   |    9|          2|   32|         64|
    |localC_52_reg_2001   |    9|          2|   32|         64|
    |localC_53_reg_2013   |    9|          2|   32|         64|
    |localC_54_reg_2025   |    9|          2|   32|         64|
    |localC_55_reg_2037   |    9|          2|   32|         64|
    |localC_56_reg_2049   |    9|          2|   32|         64|
    |localC_57_reg_2061   |    9|          2|   32|         64|
    |localC_58_reg_2073   |    9|          2|   32|         64|
    |localC_59_reg_2085   |    9|          2|   32|         64|
    |localC_5_reg_1437    |    9|          2|   32|         64|
    |localC_60_reg_2097   |    9|          2|   32|         64|
    |localC_61_reg_2109   |    9|          2|   32|         64|
    |localC_62_reg_2121   |    9|          2|   32|         64|
    |localC_63_reg_2133   |    9|          2|   32|         64|
    |localC_64_reg_2145   |    9|          2|   32|         64|
    |localC_65_reg_2157   |    9|          2|   32|         64|
    |localC_66_reg_2169   |    9|          2|   32|         64|
    |localC_67_reg_2181   |    9|          2|   32|         64|
    |localC_68_reg_2193   |    9|          2|   32|         64|
    |localC_69_reg_2205   |    9|          2|   32|         64|
    |localC_6_reg_1449    |    9|          2|   32|         64|
    |localC_70_reg_2217   |    9|          2|   32|         64|
    |localC_71_reg_2229   |    9|          2|   32|         64|
    |localC_72_reg_2241   |    9|          2|   32|         64|
    |localC_73_reg_2253   |    9|          2|   32|         64|
    |localC_74_reg_2265   |    9|          2|   32|         64|
    |localC_75_reg_2277   |    9|          2|   32|         64|
    |localC_76_reg_2289   |    9|          2|   32|         64|
    |localC_77_reg_2301   |    9|          2|   32|         64|
    |localC_78_reg_2313   |    9|          2|   32|         64|
    |localC_79_reg_2325   |    9|          2|   32|         64|
    |localC_7_reg_1461    |    9|          2|   32|         64|
    |localC_80_reg_2337   |    9|          2|   32|         64|
    |localC_81_reg_2349   |    9|          2|   32|         64|
    |localC_82_reg_2361   |    9|          2|   32|         64|
    |localC_83_reg_2373   |    9|          2|   32|         64|
    |localC_84_reg_2385   |    9|          2|   32|         64|
    |localC_85_reg_2397   |    9|          2|   32|         64|
    |localC_86_reg_2409   |    9|          2|   32|         64|
    |localC_87_reg_2421   |    9|          2|   32|         64|
    |localC_88_reg_2433   |    9|          2|   32|         64|
    |localC_89_reg_2445   |    9|          2|   32|         64|
    |localC_8_reg_1473    |    9|          2|   32|         64|
    |localC_90_reg_2457   |    9|          2|   32|         64|
    |localC_91_reg_2469   |    9|          2|   32|         64|
    |localC_92_reg_2481   |    9|          2|   32|         64|
    |localC_93_reg_2493   |    9|          2|   32|         64|
    |localC_94_reg_2505   |    9|          2|   32|         64|
    |localC_95_reg_2517   |    9|          2|   32|         64|
    |localC_96_reg_2529   |    9|          2|   32|         64|
    |localC_97_reg_2541   |    9|          2|   32|         64|
    |localC_98_reg_2553   |    9|          2|   32|         64|
    |localC_99_reg_2565   |    9|          2|   32|         64|
    |localC_9_reg_1485    |    9|          2|   32|         64|
    |localC_reg_1377      |    9|          2|   32|         64|
    +---------------------+-----+-----------+-----+-----------+
    |Total                | 3832|        841| 8685|      17711|
    +---------------------+-----+-----------+-----+-----------+

    * Register: 
    +----------------------------------------------------------------------------+----+----+-----+-----------+
    |                                    Name                                    | FF | LUT| Bits| Const Bits|
    +----------------------------------------------------------------------------+----+----+-----+-----------+
    |A_read_reg_6924                                                             |  64|   0|   64|          0|
    |B_read_reg_6919                                                             |  64|   0|   64|          0|
    |C_read_reg_6914                                                             |  64|   0|   64|          0|
    |K_read_reg_6896                                                             |  32|   0|   32|          0|
    |M_read_reg_6888                                                             |  32|   0|   32|          0|
    |N_read_reg_6906                                                             |  32|   0|   32|          0|
    |add_ln125_reg_8605                                                          |  32|   0|   32|          0|
    |add_ln71_reg_8550                                                           |  32|   0|   32|          0|
    |add_ln94_reg_8610                                                           |  32|   0|   32|          0|
    |ap_CS_fsm                                                                   |  23|   0|   23|          0|
    |cmp239_reg_8487                                                             |   1|   0|    1|          0|
    |current_block_M_cast3_reg_8568                                              |  33|   0|   33|          0|
    |current_block_M_reg_8555                                                    |  32|   0|   32|          0|
    |empty_288_reg_6935                                                          |  31|   0|   31|          0|
    |empty_289_reg_8493                                                          |  63|   0|   63|          0|
    |empty_292_reg_8563                                                          |  31|   0|   31|          0|
    |empty_reg_6930                                                              |  31|   0|   31|          0|
    |grp_mmult_accel_Pipeline_compute_fu_5049_ap_start_reg                       |   1|   0|    1|          0|
    |grp_mmult_accel_Pipeline_copy_A_VITIS_LOOP_58_1_fu_4449_ap_start_reg        |   1|   0|    1|          0|
    |grp_mmult_accel_Pipeline_copy_B_block_VITIS_LOOP_80_2_fu_4460_ap_start_reg  |   1|   0|    1|          0|
    |grp_mmult_accel_Pipeline_loadA_VITIS_LOOP_129_4_fu_4473_ap_start_reg        |   1|   0|    1|          0|
    |grp_mmult_accel_Pipeline_loadB_VITIS_LOOP_144_5_fu_4499_ap_start_reg        |   1|   0|    1|          0|
    |grp_mmult_accel_Pipeline_writeC_VITIS_LOOP_181_8_fu_4524_ap_start_reg       |   1|   0|    1|          0|
    |i0_reg_1342                                                                 |  32|   0|   32|          0|
    |icmp_ln54_reg_8477                                                          |   1|   0|    1|          0|
    |icmp_ln57_reg_8481                                                          |   1|   0|    1|          0|
    |j0_reg_1354                                                                 |  32|   0|   32|          0|
    |j_block_fu_1290                                                             |  32|   0|   32|          0|
    |k0_reg_1366                                                                 |  32|   0|   32|          0|
    |localC_100_reg_2577                                                         |  32|   0|   32|          0|
    |localC_101_reg_2589                                                         |  32|   0|   32|          0|
    |localC_102_reg_2601                                                         |  32|   0|   32|          0|
    |localC_103_reg_2613                                                         |  32|   0|   32|          0|
    |localC_104_reg_2625                                                         |  32|   0|   32|          0|
    |localC_105_reg_2637                                                         |  32|   0|   32|          0|
    |localC_106_reg_2649                                                         |  32|   0|   32|          0|
    |localC_107_reg_2661                                                         |  32|   0|   32|          0|
    |localC_108_reg_2673                                                         |  32|   0|   32|          0|
    |localC_109_reg_2685                                                         |  32|   0|   32|          0|
    |localC_10_reg_1497                                                          |  32|   0|   32|          0|
    |localC_110_reg_2697                                                         |  32|   0|   32|          0|
    |localC_111_reg_2709                                                         |  32|   0|   32|          0|
    |localC_112_reg_2721                                                         |  32|   0|   32|          0|
    |localC_113_reg_2733                                                         |  32|   0|   32|          0|
    |localC_114_reg_2745                                                         |  32|   0|   32|          0|
    |localC_115_reg_2757                                                         |  32|   0|   32|          0|
    |localC_116_reg_2769                                                         |  32|   0|   32|          0|
    |localC_117_reg_2781                                                         |  32|   0|   32|          0|
    |localC_118_reg_2793                                                         |  32|   0|   32|          0|
    |localC_119_reg_2805                                                         |  32|   0|   32|          0|
    |localC_11_reg_1509                                                          |  32|   0|   32|          0|
    |localC_120_reg_2817                                                         |  32|   0|   32|          0|
    |localC_121_reg_2829                                                         |  32|   0|   32|          0|
    |localC_122_reg_2841                                                         |  32|   0|   32|          0|
    |localC_123_reg_2853                                                         |  32|   0|   32|          0|
    |localC_124_reg_2865                                                         |  32|   0|   32|          0|
    |localC_125_reg_2877                                                         |  32|   0|   32|          0|
    |localC_126_reg_2889                                                         |  32|   0|   32|          0|
    |localC_127_reg_2901                                                         |  32|   0|   32|          0|
    |localC_128_reg_2913                                                         |  32|   0|   32|          0|
    |localC_129_reg_2925                                                         |  32|   0|   32|          0|
    |localC_12_reg_1521                                                          |  32|   0|   32|          0|
    |localC_130_reg_2937                                                         |  32|   0|   32|          0|
    |localC_131_reg_2949                                                         |  32|   0|   32|          0|
    |localC_132_reg_2961                                                         |  32|   0|   32|          0|
    |localC_133_reg_2973                                                         |  32|   0|   32|          0|
    |localC_134_reg_2985                                                         |  32|   0|   32|          0|
    |localC_135_reg_2997                                                         |  32|   0|   32|          0|
    |localC_136_reg_3009                                                         |  32|   0|   32|          0|
    |localC_137_reg_3021                                                         |  32|   0|   32|          0|
    |localC_138_reg_3033                                                         |  32|   0|   32|          0|
    |localC_139_reg_3045                                                         |  32|   0|   32|          0|
    |localC_13_reg_1533                                                          |  32|   0|   32|          0|
    |localC_140_reg_3057                                                         |  32|   0|   32|          0|
    |localC_141_reg_3069                                                         |  32|   0|   32|          0|
    |localC_142_reg_3081                                                         |  32|   0|   32|          0|
    |localC_143_reg_3093                                                         |  32|   0|   32|          0|
    |localC_144_reg_3105                                                         |  32|   0|   32|          0|
    |localC_145_reg_3117                                                         |  32|   0|   32|          0|
    |localC_146_reg_3129                                                         |  32|   0|   32|          0|
    |localC_147_reg_3141                                                         |  32|   0|   32|          0|
    |localC_148_reg_3153                                                         |  32|   0|   32|          0|
    |localC_149_reg_3165                                                         |  32|   0|   32|          0|
    |localC_14_reg_1545                                                          |  32|   0|   32|          0|
    |localC_150_reg_3177                                                         |  32|   0|   32|          0|
    |localC_151_reg_3189                                                         |  32|   0|   32|          0|
    |localC_152_reg_3201                                                         |  32|   0|   32|          0|
    |localC_153_reg_3213                                                         |  32|   0|   32|          0|
    |localC_154_reg_3225                                                         |  32|   0|   32|          0|
    |localC_155_reg_3237                                                         |  32|   0|   32|          0|
    |localC_156_reg_3249                                                         |  32|   0|   32|          0|
    |localC_157_reg_3261                                                         |  32|   0|   32|          0|
    |localC_158_reg_3273                                                         |  32|   0|   32|          0|
    |localC_159_reg_3285                                                         |  32|   0|   32|          0|
    |localC_15_reg_1557                                                          |  32|   0|   32|          0|
    |localC_160_reg_3297                                                         |  32|   0|   32|          0|
    |localC_161_reg_3309                                                         |  32|   0|   32|          0|
    |localC_162_reg_3321                                                         |  32|   0|   32|          0|
    |localC_163_reg_3333                                                         |  32|   0|   32|          0|
    |localC_164_reg_3345                                                         |  32|   0|   32|          0|
    |localC_165_reg_3357                                                         |  32|   0|   32|          0|
    |localC_166_reg_3369                                                         |  32|   0|   32|          0|
    |localC_167_reg_3381                                                         |  32|   0|   32|          0|
    |localC_168_reg_3393                                                         |  32|   0|   32|          0|
    |localC_169_reg_3405                                                         |  32|   0|   32|          0|
    |localC_16_reg_1569                                                          |  32|   0|   32|          0|
    |localC_170_reg_3417                                                         |  32|   0|   32|          0|
    |localC_171_reg_3429                                                         |  32|   0|   32|          0|
    |localC_172_reg_3441                                                         |  32|   0|   32|          0|
    |localC_173_reg_3453                                                         |  32|   0|   32|          0|
    |localC_174_reg_3465                                                         |  32|   0|   32|          0|
    |localC_175_reg_3477                                                         |  32|   0|   32|          0|
    |localC_176_reg_3489                                                         |  32|   0|   32|          0|
    |localC_177_reg_3501                                                         |  32|   0|   32|          0|
    |localC_178_reg_3513                                                         |  32|   0|   32|          0|
    |localC_179_reg_3525                                                         |  32|   0|   32|          0|
    |localC_17_reg_1581                                                          |  32|   0|   32|          0|
    |localC_180_reg_3537                                                         |  32|   0|   32|          0|
    |localC_181_reg_3549                                                         |  32|   0|   32|          0|
    |localC_182_reg_3561                                                         |  32|   0|   32|          0|
    |localC_183_reg_3573                                                         |  32|   0|   32|          0|
    |localC_184_reg_3585                                                         |  32|   0|   32|          0|
    |localC_185_reg_3597                                                         |  32|   0|   32|          0|
    |localC_186_reg_3609                                                         |  32|   0|   32|          0|
    |localC_187_reg_3621                                                         |  32|   0|   32|          0|
    |localC_188_reg_3633                                                         |  32|   0|   32|          0|
    |localC_189_reg_3645                                                         |  32|   0|   32|          0|
    |localC_18_reg_1593                                                          |  32|   0|   32|          0|
    |localC_190_reg_3657                                                         |  32|   0|   32|          0|
    |localC_191_reg_3669                                                         |  32|   0|   32|          0|
    |localC_192_reg_3681                                                         |  32|   0|   32|          0|
    |localC_193_reg_3693                                                         |  32|   0|   32|          0|
    |localC_194_reg_3705                                                         |  32|   0|   32|          0|
    |localC_195_reg_3717                                                         |  32|   0|   32|          0|
    |localC_196_reg_3729                                                         |  32|   0|   32|          0|
    |localC_197_reg_3741                                                         |  32|   0|   32|          0|
    |localC_198_reg_3753                                                         |  32|   0|   32|          0|
    |localC_199_reg_3765                                                         |  32|   0|   32|          0|
    |localC_19_reg_1605                                                          |  32|   0|   32|          0|
    |localC_1_reg_1389                                                           |  32|   0|   32|          0|
    |localC_200_reg_3777                                                         |  32|   0|   32|          0|
    |localC_201_reg_3789                                                         |  32|   0|   32|          0|
    |localC_202_reg_3801                                                         |  32|   0|   32|          0|
    |localC_203_reg_3813                                                         |  32|   0|   32|          0|
    |localC_204_reg_3825                                                         |  32|   0|   32|          0|
    |localC_205_reg_3837                                                         |  32|   0|   32|          0|
    |localC_206_reg_3849                                                         |  32|   0|   32|          0|
    |localC_207_reg_3861                                                         |  32|   0|   32|          0|
    |localC_208_reg_3873                                                         |  32|   0|   32|          0|
    |localC_209_reg_3885                                                         |  32|   0|   32|          0|
    |localC_20_reg_1617                                                          |  32|   0|   32|          0|
    |localC_210_reg_3897                                                         |  32|   0|   32|          0|
    |localC_211_reg_3909                                                         |  32|   0|   32|          0|
    |localC_212_reg_3921                                                         |  32|   0|   32|          0|
    |localC_213_reg_3933                                                         |  32|   0|   32|          0|
    |localC_214_reg_3945                                                         |  32|   0|   32|          0|
    |localC_215_reg_3957                                                         |  32|   0|   32|          0|
    |localC_216_reg_3969                                                         |  32|   0|   32|          0|
    |localC_217_reg_3981                                                         |  32|   0|   32|          0|
    |localC_218_reg_3993                                                         |  32|   0|   32|          0|
    |localC_219_reg_4005                                                         |  32|   0|   32|          0|
    |localC_21_reg_1629                                                          |  32|   0|   32|          0|
    |localC_220_reg_4017                                                         |  32|   0|   32|          0|
    |localC_221_reg_4029                                                         |  32|   0|   32|          0|
    |localC_222_reg_4041                                                         |  32|   0|   32|          0|
    |localC_223_reg_4053                                                         |  32|   0|   32|          0|
    |localC_224_reg_4065                                                         |  32|   0|   32|          0|
    |localC_225_reg_4077                                                         |  32|   0|   32|          0|
    |localC_226_reg_4089                                                         |  32|   0|   32|          0|
    |localC_227_reg_4101                                                         |  32|   0|   32|          0|
    |localC_228_reg_4113                                                         |  32|   0|   32|          0|
    |localC_229_reg_4125                                                         |  32|   0|   32|          0|
    |localC_22_reg_1641                                                          |  32|   0|   32|          0|
    |localC_230_reg_4137                                                         |  32|   0|   32|          0|
    |localC_231_reg_4149                                                         |  32|   0|   32|          0|
    |localC_232_reg_4161                                                         |  32|   0|   32|          0|
    |localC_233_reg_4173                                                         |  32|   0|   32|          0|
    |localC_234_reg_4185                                                         |  32|   0|   32|          0|
    |localC_235_reg_4197                                                         |  32|   0|   32|          0|
    |localC_236_reg_4209                                                         |  32|   0|   32|          0|
    |localC_237_reg_4221                                                         |  32|   0|   32|          0|
    |localC_238_reg_4233                                                         |  32|   0|   32|          0|
    |localC_239_reg_4245                                                         |  32|   0|   32|          0|
    |localC_23_reg_1653                                                          |  32|   0|   32|          0|
    |localC_240_reg_4257                                                         |  32|   0|   32|          0|
    |localC_241_reg_4269                                                         |  32|   0|   32|          0|
    |localC_242_reg_4281                                                         |  32|   0|   32|          0|
    |localC_243_reg_4293                                                         |  32|   0|   32|          0|
    |localC_244_reg_4305                                                         |  32|   0|   32|          0|
    |localC_245_reg_4317                                                         |  32|   0|   32|          0|
    |localC_246_reg_4329                                                         |  32|   0|   32|          0|
    |localC_247_reg_4341                                                         |  32|   0|   32|          0|
    |localC_248_reg_4353                                                         |  32|   0|   32|          0|
    |localC_249_reg_4365                                                         |  32|   0|   32|          0|
    |localC_24_reg_1665                                                          |  32|   0|   32|          0|
    |localC_250_reg_4377                                                         |  32|   0|   32|          0|
    |localC_251_reg_4389                                                         |  32|   0|   32|          0|
    |localC_252_reg_4401                                                         |  32|   0|   32|          0|
    |localC_253_reg_4413                                                         |  32|   0|   32|          0|
    |localC_254_reg_4425                                                         |  32|   0|   32|          0|
    |localC_255_reg_4437                                                         |  32|   0|   32|          0|
    |localC_25_reg_1677                                                          |  32|   0|   32|          0|
    |localC_26_reg_1689                                                          |  32|   0|   32|          0|
    |localC_27_reg_1701                                                          |  32|   0|   32|          0|
    |localC_28_reg_1713                                                          |  32|   0|   32|          0|
    |localC_29_reg_1725                                                          |  32|   0|   32|          0|
    |localC_2_reg_1401                                                           |  32|   0|   32|          0|
    |localC_30_reg_1737                                                          |  32|   0|   32|          0|
    |localC_31_reg_1749                                                          |  32|   0|   32|          0|
    |localC_32_reg_1761                                                          |  32|   0|   32|          0|
    |localC_33_reg_1773                                                          |  32|   0|   32|          0|
    |localC_34_reg_1785                                                          |  32|   0|   32|          0|
    |localC_35_reg_1797                                                          |  32|   0|   32|          0|
    |localC_36_reg_1809                                                          |  32|   0|   32|          0|
    |localC_37_reg_1821                                                          |  32|   0|   32|          0|
    |localC_38_reg_1833                                                          |  32|   0|   32|          0|
    |localC_39_reg_1845                                                          |  32|   0|   32|          0|
    |localC_3_reg_1413                                                           |  32|   0|   32|          0|
    |localC_40_reg_1857                                                          |  32|   0|   32|          0|
    |localC_41_reg_1869                                                          |  32|   0|   32|          0|
    |localC_42_reg_1881                                                          |  32|   0|   32|          0|
    |localC_43_reg_1893                                                          |  32|   0|   32|          0|
    |localC_44_reg_1905                                                          |  32|   0|   32|          0|
    |localC_45_reg_1917                                                          |  32|   0|   32|          0|
    |localC_46_reg_1929                                                          |  32|   0|   32|          0|
    |localC_47_reg_1941                                                          |  32|   0|   32|          0|
    |localC_48_reg_1953                                                          |  32|   0|   32|          0|
    |localC_49_reg_1965                                                          |  32|   0|   32|          0|
    |localC_4_reg_1425                                                           |  32|   0|   32|          0|
    |localC_50_reg_1977                                                          |  32|   0|   32|          0|
    |localC_51_reg_1989                                                          |  32|   0|   32|          0|
    |localC_52_reg_2001                                                          |  32|   0|   32|          0|
    |localC_53_reg_2013                                                          |  32|   0|   32|          0|
    |localC_54_reg_2025                                                          |  32|   0|   32|          0|
    |localC_55_reg_2037                                                          |  32|   0|   32|          0|
    |localC_56_reg_2049                                                          |  32|   0|   32|          0|
    |localC_57_reg_2061                                                          |  32|   0|   32|          0|
    |localC_58_reg_2073                                                          |  32|   0|   32|          0|
    |localC_59_reg_2085                                                          |  32|   0|   32|          0|
    |localC_5_reg_1437                                                           |  32|   0|   32|          0|
    |localC_60_reg_2097                                                          |  32|   0|   32|          0|
    |localC_61_reg_2109                                                          |  32|   0|   32|          0|
    |localC_62_reg_2121                                                          |  32|   0|   32|          0|
    |localC_63_reg_2133                                                          |  32|   0|   32|          0|
    |localC_64_reg_2145                                                          |  32|   0|   32|          0|
    |localC_65_reg_2157                                                          |  32|   0|   32|          0|
    |localC_66_reg_2169                                                          |  32|   0|   32|          0|
    |localC_67_reg_2181                                                          |  32|   0|   32|          0|
    |localC_68_reg_2193                                                          |  32|   0|   32|          0|
    |localC_69_reg_2205                                                          |  32|   0|   32|          0|
    |localC_6_reg_1449                                                           |  32|   0|   32|          0|
    |localC_70_reg_2217                                                          |  32|   0|   32|          0|
    |localC_71_reg_2229                                                          |  32|   0|   32|          0|
    |localC_72_reg_2241                                                          |  32|   0|   32|          0|
    |localC_73_reg_2253                                                          |  32|   0|   32|          0|
    |localC_74_reg_2265                                                          |  32|   0|   32|          0|
    |localC_75_reg_2277                                                          |  32|   0|   32|          0|
    |localC_76_reg_2289                                                          |  32|   0|   32|          0|
    |localC_77_reg_2301                                                          |  32|   0|   32|          0|
    |localC_78_reg_2313                                                          |  32|   0|   32|          0|
    |localC_79_reg_2325                                                          |  32|   0|   32|          0|
    |localC_7_reg_1461                                                           |  32|   0|   32|          0|
    |localC_80_reg_2337                                                          |  32|   0|   32|          0|
    |localC_81_reg_2349                                                          |  32|   0|   32|          0|
    |localC_82_reg_2361                                                          |  32|   0|   32|          0|
    |localC_83_reg_2373                                                          |  32|   0|   32|          0|
    |localC_84_reg_2385                                                          |  32|   0|   32|          0|
    |localC_85_reg_2397                                                          |  32|   0|   32|          0|
    |localC_86_reg_2409                                                          |  32|   0|   32|          0|
    |localC_87_reg_2421                                                          |  32|   0|   32|          0|
    |localC_88_reg_2433                                                          |  32|   0|   32|          0|
    |localC_89_reg_2445                                                          |  32|   0|   32|          0|
    |localC_8_reg_1473                                                           |  32|   0|   32|          0|
    |localC_90_reg_2457                                                          |  32|   0|   32|          0|
    |localC_91_reg_2469                                                          |  32|   0|   32|          0|
    |localC_92_reg_2481                                                          |  32|   0|   32|          0|
    |localC_93_reg_2493                                                          |  32|   0|   32|          0|
    |localC_94_reg_2505                                                          |  32|   0|   32|          0|
    |localC_95_reg_2517                                                          |  32|   0|   32|          0|
    |localC_96_reg_2529                                                          |  32|   0|   32|          0|
    |localC_97_reg_2541                                                          |  32|   0|   32|          0|
    |localC_98_reg_2553                                                          |  32|   0|   32|          0|
    |localC_99_reg_2565                                                          |  32|   0|   32|          0|
    |localC_9_reg_1485                                                           |  32|   0|   32|          0|
    |localC_reg_1377                                                             |  32|   0|   32|          0|
    |reg_5862                                                                    |  62|   0|   62|          0|
    |sext_ln70_1_reg_8526                                                        |  33|   0|   33|          0|
    |sext_ln70_2_reg_8531                                                        |  33|   0|   33|          0|
    |sext_ln70_reg_8520                                                          |  33|   0|   33|          0|
    |smax_reg_8498                                                               |  31|   0|   31|          0|
    |trunc_ln70_reg_8544                                                         |  31|   0|   31|          0|
    |trunc_ln92_reg_8576                                                         |  31|   0|   31|          0|
    |trunc_ln94_reg_8585                                                         |  31|   0|   31|          0|
    |trunc_ln98_reg_8599                                                         |  31|   0|   31|          0|
    |zext_ln70_reg_8536                                                          |  31|   0|   62|         31|
    +----------------------------------------------------------------------------+----+----+-----+-----------+
    |Total                                                                       |9304|   0| 9335|         31|
    +----------------------------------------------------------------------------+----+----+-----+-----------+



================================================================
== Interface
================================================================
* Summary: 
+-----------------------+-----+-----+------------+--------------+--------------+
|       RTL Ports       | Dir | Bits|  Protocol  | Source Object|    C Type    |
+-----------------------+-----+-----+------------+--------------+--------------+
|s_axi_control_AWVALID  |   in|    1|       s_axi|       control|        scalar|
|s_axi_control_AWREADY  |  out|    1|       s_axi|       control|        scalar|
|s_axi_control_AWADDR   |   in|    7|       s_axi|       control|        scalar|
|s_axi_control_WVALID   |   in|    1|       s_axi|       control|        scalar|
|s_axi_control_WREADY   |  out|    1|       s_axi|       control|        scalar|
|s_axi_control_WDATA    |   in|   32|       s_axi|       control|        scalar|
|s_axi_control_WSTRB    |   in|    4|       s_axi|       control|        scalar|
|s_axi_control_ARVALID  |   in|    1|       s_axi|       control|        scalar|
|s_axi_control_ARREADY  |  out|    1|       s_axi|       control|        scalar|
|s_axi_control_ARADDR   |   in|    7|       s_axi|       control|        scalar|
|s_axi_control_RVALID   |  out|    1|       s_axi|       control|        scalar|
|s_axi_control_RREADY   |   in|    1|       s_axi|       control|        scalar|
|s_axi_control_RDATA    |  out|   32|       s_axi|       control|        scalar|
|s_axi_control_RRESP    |  out|    2|       s_axi|       control|        scalar|
|s_axi_control_BVALID   |  out|    1|       s_axi|       control|        scalar|
|s_axi_control_BREADY   |   in|    1|       s_axi|       control|        scalar|
|s_axi_control_BRESP    |  out|    2|       s_axi|       control|        scalar|
|ap_clk                 |   in|    1|  ap_ctrl_hs|   mmult_accel|  return value|
|ap_rst_n               |   in|    1|  ap_ctrl_hs|   mmult_accel|  return value|
|interrupt              |  out|    1|  ap_ctrl_hs|   mmult_accel|  return value|
|m_axi_gmemA_AWVALID    |  out|    1|       m_axi|         gmemA|       pointer|
|m_axi_gmemA_AWREADY    |   in|    1|       m_axi|         gmemA|       pointer|
|m_axi_gmemA_AWADDR     |  out|   64|       m_axi|         gmemA|       pointer|
|m_axi_gmemA_AWID       |  out|    1|       m_axi|         gmemA|       pointer|
|m_axi_gmemA_AWLEN      |  out|    8|       m_axi|         gmemA|       pointer|
|m_axi_gmemA_AWSIZE     |  out|    3|       m_axi|         gmemA|       pointer|
|m_axi_gmemA_AWBURST    |  out|    2|       m_axi|         gmemA|       pointer|
|m_axi_gmemA_AWLOCK     |  out|    2|       m_axi|         gmemA|       pointer|
|m_axi_gmemA_AWCACHE    |  out|    4|       m_axi|         gmemA|       pointer|
|m_axi_gmemA_AWPROT     |  out|    3|       m_axi|         gmemA|       pointer|
|m_axi_gmemA_AWQOS      |  out|    4|       m_axi|         gmemA|       pointer|
|m_axi_gmemA_AWREGION   |  out|    4|       m_axi|         gmemA|       pointer|
|m_axi_gmemA_AWUSER     |  out|    1|       m_axi|         gmemA|       pointer|
|m_axi_gmemA_WVALID     |  out|    1|       m_axi|         gmemA|       pointer|
|m_axi_gmemA_WREADY     |   in|    1|       m_axi|         gmemA|       pointer|
|m_axi_gmemA_WDATA      |  out|   32|       m_axi|         gmemA|       pointer|
|m_axi_gmemA_WSTRB      |  out|    4|       m_axi|         gmemA|       pointer|
|m_axi_gmemA_WLAST      |  out|    1|       m_axi|         gmemA|       pointer|
|m_axi_gmemA_WID        |  out|    1|       m_axi|         gmemA|       pointer|
|m_axi_gmemA_WUSER      |  out|    1|       m_axi|         gmemA|       pointer|
|m_axi_gmemA_ARVALID    |  out|    1|       m_axi|         gmemA|       pointer|
|m_axi_gmemA_ARREADY    |   in|    1|       m_axi|         gmemA|       pointer|
|m_axi_gmemA_ARADDR     |  out|   64|       m_axi|         gmemA|       pointer|
|m_axi_gmemA_ARID       |  out|    1|       m_axi|         gmemA|       pointer|
|m_axi_gmemA_ARLEN      |  out|    8|       m_axi|         gmemA|       pointer|
|m_axi_gmemA_ARSIZE     |  out|    3|       m_axi|         gmemA|       pointer|
|m_axi_gmemA_ARBURST    |  out|    2|       m_axi|         gmemA|       pointer|
|m_axi_gmemA_ARLOCK     |  out|    2|       m_axi|         gmemA|       pointer|
|m_axi_gmemA_ARCACHE    |  out|    4|       m_axi|         gmemA|       pointer|
|m_axi_gmemA_ARPROT     |  out|    3|       m_axi|         gmemA|       pointer|
|m_axi_gmemA_ARQOS      |  out|    4|       m_axi|         gmemA|       pointer|
|m_axi_gmemA_ARREGION   |  out|    4|       m_axi|         gmemA|       pointer|
|m_axi_gmemA_ARUSER     |  out|    1|       m_axi|         gmemA|       pointer|
|m_axi_gmemA_RVALID     |   in|    1|       m_axi|         gmemA|       pointer|
|m_axi_gmemA_RREADY     |  out|    1|       m_axi|         gmemA|       pointer|
|m_axi_gmemA_RDATA      |   in|   32|       m_axi|         gmemA|       pointer|
|m_axi_gmemA_RLAST      |   in|    1|       m_axi|         gmemA|       pointer|
|m_axi_gmemA_RID        |   in|    1|       m_axi|         gmemA|       pointer|
|m_axi_gmemA_RUSER      |   in|    1|       m_axi|         gmemA|       pointer|
|m_axi_gmemA_RRESP      |   in|    2|       m_axi|         gmemA|       pointer|
|m_axi_gmemA_BVALID     |   in|    1|       m_axi|         gmemA|       pointer|
|m_axi_gmemA_BREADY     |  out|    1|       m_axi|         gmemA|       pointer|
|m_axi_gmemA_BRESP      |   in|    2|       m_axi|         gmemA|       pointer|
|m_axi_gmemA_BID        |   in|    1|       m_axi|         gmemA|       pointer|
|m_axi_gmemA_BUSER      |   in|    1|       m_axi|         gmemA|       pointer|
|m_axi_gmemB_AWVALID    |  out|    1|       m_axi|         gmemB|       pointer|
|m_axi_gmemB_AWREADY    |   in|    1|       m_axi|         gmemB|       pointer|
|m_axi_gmemB_AWADDR     |  out|   64|       m_axi|         gmemB|       pointer|
|m_axi_gmemB_AWID       |  out|    1|       m_axi|         gmemB|       pointer|
|m_axi_gmemB_AWLEN      |  out|    8|       m_axi|         gmemB|       pointer|
|m_axi_gmemB_AWSIZE     |  out|    3|       m_axi|         gmemB|       pointer|
|m_axi_gmemB_AWBURST    |  out|    2|       m_axi|         gmemB|       pointer|
|m_axi_gmemB_AWLOCK     |  out|    2|       m_axi|         gmemB|       pointer|
|m_axi_gmemB_AWCACHE    |  out|    4|       m_axi|         gmemB|       pointer|
|m_axi_gmemB_AWPROT     |  out|    3|       m_axi|         gmemB|       pointer|
|m_axi_gmemB_AWQOS      |  out|    4|       m_axi|         gmemB|       pointer|
|m_axi_gmemB_AWREGION   |  out|    4|       m_axi|         gmemB|       pointer|
|m_axi_gmemB_AWUSER     |  out|    1|       m_axi|         gmemB|       pointer|
|m_axi_gmemB_WVALID     |  out|    1|       m_axi|         gmemB|       pointer|
|m_axi_gmemB_WREADY     |   in|    1|       m_axi|         gmemB|       pointer|
|m_axi_gmemB_WDATA      |  out|   32|       m_axi|         gmemB|       pointer|
|m_axi_gmemB_WSTRB      |  out|    4|       m_axi|         gmemB|       pointer|
|m_axi_gmemB_WLAST      |  out|    1|       m_axi|         gmemB|       pointer|
|m_axi_gmemB_WID        |  out|    1|       m_axi|         gmemB|       pointer|
|m_axi_gmemB_WUSER      |  out|    1|       m_axi|         gmemB|       pointer|
|m_axi_gmemB_ARVALID    |  out|    1|       m_axi|         gmemB|       pointer|
|m_axi_gmemB_ARREADY    |   in|    1|       m_axi|         gmemB|       pointer|
|m_axi_gmemB_ARADDR     |  out|   64|       m_axi|         gmemB|       pointer|
|m_axi_gmemB_ARID       |  out|    1|       m_axi|         gmemB|       pointer|
|m_axi_gmemB_ARLEN      |  out|    8|       m_axi|         gmemB|       pointer|
|m_axi_gmemB_ARSIZE     |  out|    3|       m_axi|         gmemB|       pointer|
|m_axi_gmemB_ARBURST    |  out|    2|       m_axi|         gmemB|       pointer|
|m_axi_gmemB_ARLOCK     |  out|    2|       m_axi|         gmemB|       pointer|
|m_axi_gmemB_ARCACHE    |  out|    4|       m_axi|         gmemB|       pointer|
|m_axi_gmemB_ARPROT     |  out|    3|       m_axi|         gmemB|       pointer|
|m_axi_gmemB_ARQOS      |  out|    4|       m_axi|         gmemB|       pointer|
|m_axi_gmemB_ARREGION   |  out|    4|       m_axi|         gmemB|       pointer|
|m_axi_gmemB_ARUSER     |  out|    1|       m_axi|         gmemB|       pointer|
|m_axi_gmemB_RVALID     |   in|    1|       m_axi|         gmemB|       pointer|
|m_axi_gmemB_RREADY     |  out|    1|       m_axi|         gmemB|       pointer|
|m_axi_gmemB_RDATA      |   in|   32|       m_axi|         gmemB|       pointer|
|m_axi_gmemB_RLAST      |   in|    1|       m_axi|         gmemB|       pointer|
|m_axi_gmemB_RID        |   in|    1|       m_axi|         gmemB|       pointer|
|m_axi_gmemB_RUSER      |   in|    1|       m_axi|         gmemB|       pointer|
|m_axi_gmemB_RRESP      |   in|    2|       m_axi|         gmemB|       pointer|
|m_axi_gmemB_BVALID     |   in|    1|       m_axi|         gmemB|       pointer|
|m_axi_gmemB_BREADY     |  out|    1|       m_axi|         gmemB|       pointer|
|m_axi_gmemB_BRESP      |   in|    2|       m_axi|         gmemB|       pointer|
|m_axi_gmemB_BID        |   in|    1|       m_axi|         gmemB|       pointer|
|m_axi_gmemB_BUSER      |   in|    1|       m_axi|         gmemB|       pointer|
|m_axi_gmemC_AWVALID    |  out|    1|       m_axi|         gmemC|       pointer|
|m_axi_gmemC_AWREADY    |   in|    1|       m_axi|         gmemC|       pointer|
|m_axi_gmemC_AWADDR     |  out|   64|       m_axi|         gmemC|       pointer|
|m_axi_gmemC_AWID       |  out|    1|       m_axi|         gmemC|       pointer|
|m_axi_gmemC_AWLEN      |  out|    8|       m_axi|         gmemC|       pointer|
|m_axi_gmemC_AWSIZE     |  out|    3|       m_axi|         gmemC|       pointer|
|m_axi_gmemC_AWBURST    |  out|    2|       m_axi|         gmemC|       pointer|
|m_axi_gmemC_AWLOCK     |  out|    2|       m_axi|         gmemC|       pointer|
|m_axi_gmemC_AWCACHE    |  out|    4|       m_axi|         gmemC|       pointer|
|m_axi_gmemC_AWPROT     |  out|    3|       m_axi|         gmemC|       pointer|
|m_axi_gmemC_AWQOS      |  out|    4|       m_axi|         gmemC|       pointer|
|m_axi_gmemC_AWREGION   |  out|    4|       m_axi|         gmemC|       pointer|
|m_axi_gmemC_AWUSER     |  out|    1|       m_axi|         gmemC|       pointer|
|m_axi_gmemC_WVALID     |  out|    1|       m_axi|         gmemC|       pointer|
|m_axi_gmemC_WREADY     |   in|    1|       m_axi|         gmemC|       pointer|
|m_axi_gmemC_WDATA      |  out|   32|       m_axi|         gmemC|       pointer|
|m_axi_gmemC_WSTRB      |  out|    4|       m_axi|         gmemC|       pointer|
|m_axi_gmemC_WLAST      |  out|    1|       m_axi|         gmemC|       pointer|
|m_axi_gmemC_WID        |  out|    1|       m_axi|         gmemC|       pointer|
|m_axi_gmemC_WUSER      |  out|    1|       m_axi|         gmemC|       pointer|
|m_axi_gmemC_ARVALID    |  out|    1|       m_axi|         gmemC|       pointer|
|m_axi_gmemC_ARREADY    |   in|    1|       m_axi|         gmemC|       pointer|
|m_axi_gmemC_ARADDR     |  out|   64|       m_axi|         gmemC|       pointer|
|m_axi_gmemC_ARID       |  out|    1|       m_axi|         gmemC|       pointer|
|m_axi_gmemC_ARLEN      |  out|    8|       m_axi|         gmemC|       pointer|
|m_axi_gmemC_ARSIZE     |  out|    3|       m_axi|         gmemC|       pointer|
|m_axi_gmemC_ARBURST    |  out|    2|       m_axi|         gmemC|       pointer|
|m_axi_gmemC_ARLOCK     |  out|    2|       m_axi|         gmemC|       pointer|
|m_axi_gmemC_ARCACHE    |  out|    4|       m_axi|         gmemC|       pointer|
|m_axi_gmemC_ARPROT     |  out|    3|       m_axi|         gmemC|       pointer|
|m_axi_gmemC_ARQOS      |  out|    4|       m_axi|         gmemC|       pointer|
|m_axi_gmemC_ARREGION   |  out|    4|       m_axi|         gmemC|       pointer|
|m_axi_gmemC_ARUSER     |  out|    1|       m_axi|         gmemC|       pointer|
|m_axi_gmemC_RVALID     |   in|    1|       m_axi|         gmemC|       pointer|
|m_axi_gmemC_RREADY     |  out|    1|       m_axi|         gmemC|       pointer|
|m_axi_gmemC_RDATA      |   in|   32|       m_axi|         gmemC|       pointer|
|m_axi_gmemC_RLAST      |   in|    1|       m_axi|         gmemC|       pointer|
|m_axi_gmemC_RID        |   in|    1|       m_axi|         gmemC|       pointer|
|m_axi_gmemC_RUSER      |   in|    1|       m_axi|         gmemC|       pointer|
|m_axi_gmemC_RRESP      |   in|    2|       m_axi|         gmemC|       pointer|
|m_axi_gmemC_BVALID     |   in|    1|       m_axi|         gmemC|       pointer|
|m_axi_gmemC_BREADY     |  out|    1|       m_axi|         gmemC|       pointer|
|m_axi_gmemC_BRESP      |   in|    2|       m_axi|         gmemC|       pointer|
|m_axi_gmemC_BID        |   in|    1|       m_axi|         gmemC|       pointer|
|m_axi_gmemC_BUSER      |   in|    1|       m_axi|         gmemC|       pointer|
+-----------------------+-----+-----+------------+--------------+--------------+

